02:24:25.517 [main] [INFO ] c.e.a.w.p.AtomicTransactionProcessorTest.logStarting:55 - Starting AtomicTransactionProcessorTest using Java 11.0.29 on Sunsunsun with PID 21916 (started by Sun in D:\TestProgram\Java\JavaEE\z-exchange\wallet-service)
02:24:25.520 [main] [INFO ] c.e.a.w.p.AtomicTransactionProcessorTest.logStartupProfileInfo:631 - No active profile set, falling back to 1 default profile: "default"
02:24:26.062 [main] [INFO ] o.s.d.r.c.RepositoryConfigurationDelegate.multipleStoresDetected:262 - Multiple Spring Data modules found, entering strict repository configuration mode
02:24:26.064 [main] [INFO ] o.s.d.r.c.RepositoryConfigurationDelegate.registerRepositoriesIn:132 - Bootstrapping Spring Data Redis repositories in DEFAULT mode.
02:24:26.083 [main] [INFO ] o.s.d.r.c.RepositoryConfigurationDelegate.registerRepositoriesIn:201 - Finished Spring Data repository scanning in 10 ms. Found 0 Redis repository interfaces.
02:24:26.510 [main] [INFO ] n.d.b.g.c.a.GrpcClientAutoConfiguration.shadedNettyGrpcChannelFactory:152 - Detected grpc-netty-shaded: Creating ShadedNettyChannelFactory + InProcessChannelFactory
02:24:28.263 [main] [INFO ] n.d.b.g.s.a.GrpcServerFactoryAutoConfiguration.shadedNettyGrpcServerFactory:74 - Detected grpc-netty-shaded: Creating ShadedNettyGrpcServerFactory
02:24:29.077 [main] [INFO ] n.d.b.g.s.s.AbstractGrpcServerFactory.configureServices:108 - Registered gRPC service: wallet.WalletService, bean: walletServiceImpl, class: com.exchange.app.wallet.service.WalletServiceImpl
02:24:29.078 [main] [INFO ] n.d.b.g.s.s.AbstractGrpcServerFactory.configureServices:108 - Registered gRPC service: grpc.health.v1.Health, bean: grpcHealthService, class: io.grpc.protobuf.services.HealthServiceImpl
02:24:29.078 [main] [INFO ] n.d.b.g.s.s.AbstractGrpcServerFactory.configureServices:108 - Registered gRPC service: grpc.reflection.v1alpha.ServerReflection, bean: protoReflectionService, class: io.grpc.protobuf.services.ProtoReflectionService
02:24:29.482 [main] [INFO ] n.d.b.g.s.s.GrpcServerLifecycle.createAndStartGrpcServer:116 - gRPC Server started, listening on address: *, port: 9090
02:24:29.490 [main] [INFO ] c.e.a.w.p.AtomicTransactionProcessorTest.logStarted:61 - Started AtomicTransactionProcessorTest in 4.324 seconds (JVM running for 5.17)
02:24:29.728 [main] [INFO ] com.zaxxer.hikari.HikariDataSource.getConnection:110 - HikariPool-1 - Starting...
02:24:29.832 [main] [INFO ] com.zaxxer.hikari.HikariDataSource.getConnection:123 - HikariPool-1 - Start completed.
02:24:30.003 [SpringApplicationShutdownHook] [INFO ] n.d.b.g.s.s.GrpcServerLifecycle.stopAndReleaseGrpcServer:160 - Completed gRPC server shutdown
02:24:30.017 [SpringApplicationShutdownHook] [INFO ] com.zaxxer.hikari.HikariDataSource.close:350 - HikariPool-1 - Shutdown initiated...
02:24:30.024 [SpringApplicationShutdownHook] [INFO ] com.zaxxer.hikari.HikariDataSource.close:352 - HikariPool-1 - Shutdown completed.
02:25:19.141 [main] [INFO ] c.e.a.w.p.AtomicTransactionProcessorTest.logStarting:55 - Starting AtomicTransactionProcessorTest using Java 11.0.29 on Sunsunsun with PID 15452 (started by Sun in D:\TestProgram\Java\JavaEE\z-exchange\wallet-service)
02:25:19.142 [main] [INFO ] c.e.a.w.p.AtomicTransactionProcessorTest.logStartupProfileInfo:631 - No active profile set, falling back to 1 default profile: "default"
02:25:19.722 [main] [INFO ] o.s.d.r.c.RepositoryConfigurationDelegate.multipleStoresDetected:262 - Multiple Spring Data modules found, entering strict repository configuration mode
02:25:19.724 [main] [INFO ] o.s.d.r.c.RepositoryConfigurationDelegate.registerRepositoriesIn:132 - Bootstrapping Spring Data Redis repositories in DEFAULT mode.
02:25:19.741 [main] [INFO ] o.s.d.r.c.RepositoryConfigurationDelegate.registerRepositoriesIn:201 - Finished Spring Data repository scanning in 10 ms. Found 0 Redis repository interfaces.
02:25:20.119 [main] [INFO ] n.d.b.g.c.a.GrpcClientAutoConfiguration.shadedNettyGrpcChannelFactory:152 - Detected grpc-netty-shaded: Creating ShadedNettyChannelFactory + InProcessChannelFactory
02:25:21.521 [main] [INFO ] n.d.b.g.s.a.GrpcServerFactoryAutoConfiguration.shadedNettyGrpcServerFactory:74 - Detected grpc-netty-shaded: Creating ShadedNettyGrpcServerFactory
02:25:22.446 [main] [INFO ] n.d.b.g.s.s.AbstractGrpcServerFactory.configureServices:108 - Registered gRPC service: wallet.WalletService, bean: walletServiceImpl, class: com.exchange.app.wallet.service.WalletServiceImpl
02:25:22.447 [main] [INFO ] n.d.b.g.s.s.AbstractGrpcServerFactory.configureServices:108 - Registered gRPC service: grpc.health.v1.Health, bean: grpcHealthService, class: io.grpc.protobuf.services.HealthServiceImpl
02:25:22.447 [main] [INFO ] n.d.b.g.s.s.AbstractGrpcServerFactory.configureServices:108 - Registered gRPC service: grpc.reflection.v1alpha.ServerReflection, bean: protoReflectionService, class: io.grpc.protobuf.services.ProtoReflectionService
02:25:22.860 [main] [INFO ] n.d.b.g.s.s.GrpcServerLifecycle.createAndStartGrpcServer:116 - gRPC Server started, listening on address: *, port: 9090
02:25:22.869 [main] [INFO ] c.e.a.w.p.AtomicTransactionProcessorTest.logStarted:61 - Started AtomicTransactionProcessorTest in 4.058 seconds (JVM running for 4.783)
02:25:23.083 [main] [INFO ] com.zaxxer.hikari.HikariDataSource.getConnection:110 - HikariPool-1 - Starting...
02:25:23.183 [main] [INFO ] com.zaxxer.hikari.HikariDataSource.getConnection:123 - HikariPool-1 - Start completed.
02:25:23.562 [main] [WARN ] com.google.protobuf.GeneratedMessage.warnPre22Gencode:441 - Vulnerable protobuf generated type in use: com.exchange.proto.common.error.ErrorPb
As of 2022/09/29 (release 21.7) makeExtensionsImmutable should not be called from protobuf gencode. If you are seeing this message, your gencode is vulnerable to a denial of service attack. You should regenerate your code using protobuf 25.6 or later. Use the latest version that meets your needs. However, if you understand the risks and wish to continue with vulnerable gencode, you can set the system property `-Dcom.google.protobuf.use_unsafe_pre22_gencode` on the command line to silence this warning. You also can set `-Dcom.google.protobuf.error_on_unsafe_pre22_gencode` to throw an error instead. See security vulnerability: https://github.com/protocolbuffers/protobuf/security/advisories/GHSA-h4h5-3hr4-j3g2
02:25:23.562 [main] [WARN ] com.google.protobuf.GeneratedMessage.warnPre22Gencode:441 - Vulnerable protobuf generated type in use: com.exchange.proto.ledger.account.CreateAccountReplyPb
As of 2022/09/29 (release 21.7) makeExtensionsImmutable should not be called from protobuf gencode. If you are seeing this message, your gencode is vulnerable to a denial of service attack. You should regenerate your code using protobuf 25.6 or later. Use the latest version that meets your needs. However, if you understand the risks and wish to continue with vulnerable gencode, you can set the system property `-Dcom.google.protobuf.use_unsafe_pre22_gencode` on the command line to silence this warning. You also can set `-Dcom.google.protobuf.error_on_unsafe_pre22_gencode` to throw an error instead. See security vulnerability: https://github.com/protocolbuffers/protobuf/security/advisories/GHSA-h4h5-3hr4-j3g2
02:25:23.858 [SpringApplicationShutdownHook] [INFO ] n.d.b.g.s.s.GrpcServerLifecycle.stopAndReleaseGrpcServer:160 - Completed gRPC server shutdown
02:25:23.878 [SpringApplicationShutdownHook] [INFO ] com.zaxxer.hikari.HikariDataSource.close:350 - HikariPool-1 - Shutdown initiated...
02:25:23.886 [SpringApplicationShutdownHook] [INFO ] com.zaxxer.hikari.HikariDataSource.close:352 - HikariPool-1 - Shutdown completed.
02:26:19.268 [main] [INFO ] c.e.a.w.p.AtomicTransactionProcessorTest.logStarting:55 - Starting AtomicTransactionProcessorTest using Java 11.0.29 on Sunsunsun with PID 18332 (started by Sun in D:\TestProgram\Java\JavaEE\z-exchange\wallet-service)
02:26:19.269 [main] [INFO ] c.e.a.w.p.AtomicTransactionProcessorTest.logStartupProfileInfo:631 - No active profile set, falling back to 1 default profile: "default"
02:26:19.849 [main] [INFO ] o.s.d.r.c.RepositoryConfigurationDelegate.multipleStoresDetected:262 - Multiple Spring Data modules found, entering strict repository configuration mode
02:26:19.851 [main] [INFO ] o.s.d.r.c.RepositoryConfigurationDelegate.registerRepositoriesIn:132 - Bootstrapping Spring Data Redis repositories in DEFAULT mode.
02:26:19.868 [main] [INFO ] o.s.d.r.c.RepositoryConfigurationDelegate.registerRepositoriesIn:201 - Finished Spring Data repository scanning in 10 ms. Found 0 Redis repository interfaces.
02:26:20.250 [main] [INFO ] n.d.b.g.c.a.GrpcClientAutoConfiguration.shadedNettyGrpcChannelFactory:152 - Detected grpc-netty-shaded: Creating ShadedNettyChannelFactory + InProcessChannelFactory
02:26:21.618 [main] [INFO ] n.d.b.g.s.a.GrpcServerFactoryAutoConfiguration.shadedNettyGrpcServerFactory:74 - Detected grpc-netty-shaded: Creating ShadedNettyGrpcServerFactory
02:26:22.325 [main] [INFO ] n.d.b.g.s.s.AbstractGrpcServerFactory.configureServices:108 - Registered gRPC service: wallet.WalletService, bean: walletServiceImpl, class: com.exchange.app.wallet.service.WalletServiceImpl
02:26:22.326 [main] [INFO ] n.d.b.g.s.s.AbstractGrpcServerFactory.configureServices:108 - Registered gRPC service: grpc.health.v1.Health, bean: grpcHealthService, class: io.grpc.protobuf.services.HealthServiceImpl
02:26:22.326 [main] [INFO ] n.d.b.g.s.s.AbstractGrpcServerFactory.configureServices:108 - Registered gRPC service: grpc.reflection.v1alpha.ServerReflection, bean: protoReflectionService, class: io.grpc.protobuf.services.ProtoReflectionService
02:26:22.745 [main] [INFO ] n.d.b.g.s.s.GrpcServerLifecycle.createAndStartGrpcServer:116 - gRPC Server started, listening on address: *, port: 9090
02:26:22.753 [main] [INFO ] c.e.a.w.p.AtomicTransactionProcessorTest.logStarted:61 - Started AtomicTransactionProcessorTest in 3.803 seconds (JVM running for 4.493)
02:26:22.947 [main] [INFO ] com.zaxxer.hikari.HikariDataSource.getConnection:110 - HikariPool-1 - Starting...
02:26:23.055 [main] [INFO ] com.zaxxer.hikari.HikariDataSource.getConnection:123 - HikariPool-1 - Start completed.
02:26:23.231 [main] [WARN ] com.google.protobuf.GeneratedMessage.warnPre22Gencode:441 - Vulnerable protobuf generated type in use: com.exchange.proto.common.error.ErrorPb
As of 2022/09/29 (release 21.7) makeExtensionsImmutable should not be called from protobuf gencode. If you are seeing this message, your gencode is vulnerable to a denial of service attack. You should regenerate your code using protobuf 25.6 or later. Use the latest version that meets your needs. However, if you understand the risks and wish to continue with vulnerable gencode, you can set the system property `-Dcom.google.protobuf.use_unsafe_pre22_gencode` on the command line to silence this warning. You also can set `-Dcom.google.protobuf.error_on_unsafe_pre22_gencode` to throw an error instead. See security vulnerability: https://github.com/protocolbuffers/protobuf/security/advisories/GHSA-h4h5-3hr4-j3g2
02:26:23.231 [main] [WARN ] com.google.protobuf.GeneratedMessage.warnPre22Gencode:441 - Vulnerable protobuf generated type in use: com.exchange.proto.ledger.account.CreateAccountReplyPb
As of 2022/09/29 (release 21.7) makeExtensionsImmutable should not be called from protobuf gencode. If you are seeing this message, your gencode is vulnerable to a denial of service attack. You should regenerate your code using protobuf 25.6 or later. Use the latest version that meets your needs. However, if you understand the risks and wish to continue with vulnerable gencode, you can set the system property `-Dcom.google.protobuf.use_unsafe_pre22_gencode` on the command line to silence this warning. You also can set `-Dcom.google.protobuf.error_on_unsafe_pre22_gencode` to throw an error instead. See security vulnerability: https://github.com/protocolbuffers/protobuf/security/advisories/GHSA-h4h5-3hr4-j3g2
02:26:23.475 [main] [INFO ] o.a.k.c.producer.ProducerConfig.logAll:376 - ProducerConfig values: 
	acks = -1
	batch.size = 16384
	bootstrap.servers = [192.168.10.172:9092]
	buffer.memory = 33554432
	client.dns.lookup = use_all_dns_ips
	client.id = producer-1
	compression.type = lz4
	connections.max.idle.ms = 540000
	delivery.timeout.ms = 120000
	enable.idempotence = true
	interceptor.classes = []
	key.serializer = class org.apache.kafka.common.serialization.StringSerializer
	linger.ms = 0
	max.block.ms = 60000
	max.in.flight.requests.per.connection = 5
	max.request.size = 1048576
	metadata.max.age.ms = 300000
	metadata.max.idle.ms = 300000
	metric.reporters = []
	metrics.num.samples = 2
	metrics.recording.level = INFO
	metrics.sample.window.ms = 30000
	partitioner.class = class org.apache.kafka.clients.producer.internals.DefaultPartitioner
	receive.buffer.bytes = 32768
	reconnect.backoff.max.ms = 1000
	reconnect.backoff.ms = 50
	request.timeout.ms = 30000
	retries = 5
	retry.backoff.ms = 100
	sasl.client.callback.handler.class = null
	sasl.jaas.config = null
	sasl.kerberos.kinit.cmd = /usr/bin/kinit
	sasl.kerberos.min.time.before.relogin = 60000
	sasl.kerberos.service.name = null
	sasl.kerberos.ticket.renew.jitter = 0.05
	sasl.kerberos.ticket.renew.window.factor = 0.8
	sasl.login.callback.handler.class = null
	sasl.login.class = null
	sasl.login.connect.timeout.ms = null
	sasl.login.read.timeout.ms = null
	sasl.login.refresh.buffer.seconds = 300
	sasl.login.refresh.min.period.seconds = 60
	sasl.login.refresh.window.factor = 0.8
	sasl.login.refresh.window.jitter = 0.05
	sasl.login.retry.backoff.max.ms = 10000
	sasl.login.retry.backoff.ms = 100
	sasl.mechanism = GSSAPI
	sasl.oauthbearer.clock.skew.seconds = 30
	sasl.oauthbearer.expected.audience = null
	sasl.oauthbearer.expected.issuer = null
	sasl.oauthbearer.jwks.endpoint.refresh.ms = 3600000
	sasl.oauthbearer.jwks.endpoint.retry.backoff.max.ms = 10000
	sasl.oauthbearer.jwks.endpoint.retry.backoff.ms = 100
	sasl.oauthbearer.jwks.endpoint.url = null
	sasl.oauthbearer.scope.claim.name = scope
	sasl.oauthbearer.sub.claim.name = sub
	sasl.oauthbearer.token.endpoint.url = null
	security.protocol = PLAINTEXT
	security.providers = null
	send.buffer.bytes = 131072
	socket.connection.setup.timeout.max.ms = 30000
	socket.connection.setup.timeout.ms = 10000
	ssl.cipher.suites = null
	ssl.enabled.protocols = [TLSv1.2, TLSv1.3]
	ssl.endpoint.identification.algorithm = https
	ssl.engine.factory.class = null
	ssl.key.password = null
	ssl.keymanager.algorithm = SunX509
	ssl.keystore.certificate.chain = null
	ssl.keystore.key = null
	ssl.keystore.location = null
	ssl.keystore.password = null
	ssl.keystore.type = JKS
	ssl.protocol = TLSv1.3
	ssl.provider = null
	ssl.secure.random.implementation = null
	ssl.trustmanager.algorithm = PKIX
	ssl.truststore.certificates = null
	ssl.truststore.location = null
	ssl.truststore.password = null
	ssl.truststore.type = JKS
	transaction.timeout.ms = 60000
	transactional.id = null
	value.serializer = class org.apache.kafka.common.serialization.ByteArraySerializer

02:26:23.496 [main] [INFO ] o.a.k.clients.producer.KafkaProducer.configureTransactionState:572 - [Producer clientId=producer-1] Instantiated an idempotent producer.
02:26:23.526 [main] [INFO ] o.a.kafka.common.utils.AppInfoParser.<init>:119 - Kafka version: 3.1.2
02:26:23.527 [main] [INFO ] o.a.kafka.common.utils.AppInfoParser.<init>:120 - Kafka commitId: f8c67dc3ae0a3265
02:26:23.527 [main] [INFO ] o.a.kafka.common.utils.AppInfoParser.<init>:121 - Kafka startTimeMs: 1769106383525
02:26:35.312 [kafka-producer-network-thread | producer-1] [INFO ] o.apache.kafka.clients.NetworkClient.handleTimedOutConnections:819 - [Producer clientId=producer-1] Disconnecting from node -1 due to socket connection setup timeout. The timeout value is 11601 ms.
02:26:35.317 [kafka-producer-network-thread | producer-1] [WARN ] o.apache.kafka.clients.NetworkClient.handleServerDisconnect:1063 - [Producer clientId=producer-1] Bootstrap broker 192.168.10.172:9092 (id: -1 rack: null) disconnected
02:26:51.759 [SpringApplicationShutdownHook] [INFO ] n.d.b.g.s.s.GrpcServerLifecycle.stopAndReleaseGrpcServer:160 - Completed gRPC server shutdown
02:26:51.773 [SpringApplicationShutdownHook] [INFO ] o.a.k.clients.producer.KafkaProducer.close:1249 - [Producer clientId=producer-1] Closing the Kafka producer with timeoutMillis = 30000 ms.
02:26:53.894 [kafka-producer-network-thread | producer-1] [INFO ] o.apache.kafka.clients.NetworkClient.handleTimedOutConnections:819 - [Producer clientId=producer-1] Disconnecting from node -1 due to socket connection setup timeout. The timeout value is 18443 ms.
02:26:53.894 [kafka-producer-network-thread | producer-1] [WARN ] o.apache.kafka.clients.NetworkClient.handleServerDisconnect:1063 - [Producer clientId=producer-1] Bootstrap broker 192.168.10.172:9092 (id: -1 rack: null) disconnected
02:26:54.008 [SpringApplicationShutdownHook] [INFO ] o.a.kafka.common.metrics.Metrics.close:659 - Metrics scheduler closed
02:26:54.009 [SpringApplicationShutdownHook] [INFO ] o.a.kafka.common.metrics.Metrics.close:663 - Closing reporter org.apache.kafka.common.metrics.JmxReporter
02:26:54.009 [SpringApplicationShutdownHook] [INFO ] o.a.kafka.common.metrics.Metrics.close:669 - Metrics reporters closed
02:26:54.009 [SpringApplicationShutdownHook] [INFO ] o.a.kafka.common.utils.AppInfoParser.unregisterAppInfo:83 - App info kafka.producer for producer-1 unregistered
02:26:54.010 [SpringApplicationShutdownHook] [INFO ] com.zaxxer.hikari.HikariDataSource.close:350 - HikariPool-1 - Shutdown initiated...
02:26:54.030 [SpringApplicationShutdownHook] [INFO ] com.zaxxer.hikari.HikariDataSource.close:352 - HikariPool-1 - Shutdown completed.
03:54:27.211 [main] [INFO ] c.e.a.w.p.AtomicTransactionProcessorTest.logStarting:55 - Starting AtomicTransactionProcessorTest using Java 11.0.29 on Sunsunsun with PID 17584 (started by Sun in D:\TestProgram\Java\JavaEE\z-exchange\wallet-service)
03:54:27.213 [main] [INFO ] c.e.a.w.p.AtomicTransactionProcessorTest.logStartupProfileInfo:631 - No active profile set, falling back to 1 default profile: "default"
03:54:27.788 [main] [INFO ] o.s.d.r.c.RepositoryConfigurationDelegate.multipleStoresDetected:262 - Multiple Spring Data modules found, entering strict repository configuration mode
03:54:27.790 [main] [INFO ] o.s.d.r.c.RepositoryConfigurationDelegate.registerRepositoriesIn:132 - Bootstrapping Spring Data Redis repositories in DEFAULT mode.
03:54:27.810 [main] [INFO ] o.s.d.r.c.RepositoryConfigurationDelegate.registerRepositoriesIn:201 - Finished Spring Data repository scanning in 12 ms. Found 0 Redis repository interfaces.
03:54:28.241 [main] [INFO ] n.d.b.g.c.a.GrpcClientAutoConfiguration.shadedNettyGrpcChannelFactory:152 - Detected grpc-netty-shaded: Creating ShadedNettyChannelFactory + InProcessChannelFactory
03:54:29.771 [main] [INFO ] n.d.b.g.s.a.GrpcServerFactoryAutoConfiguration.shadedNettyGrpcServerFactory:74 - Detected grpc-netty-shaded: Creating ShadedNettyGrpcServerFactory
03:54:30.725 [main] [INFO ] n.d.b.g.s.s.AbstractGrpcServerFactory.configureServices:108 - Registered gRPC service: wallet.WalletService, bean: walletServiceImpl, class: com.exchange.app.wallet.service.WalletServiceImpl
03:54:30.726 [main] [INFO ] n.d.b.g.s.s.AbstractGrpcServerFactory.configureServices:108 - Registered gRPC service: grpc.health.v1.Health, bean: grpcHealthService, class: io.grpc.protobuf.services.HealthServiceImpl
03:54:30.726 [main] [INFO ] n.d.b.g.s.s.AbstractGrpcServerFactory.configureServices:108 - Registered gRPC service: grpc.reflection.v1alpha.ServerReflection, bean: protoReflectionService, class: io.grpc.protobuf.services.ProtoReflectionService
03:54:31.153 [main] [INFO ] n.d.b.g.s.s.GrpcServerLifecycle.createAndStartGrpcServer:116 - gRPC Server started, listening on address: *, port: 9090
03:54:31.161 [main] [INFO ] c.e.a.w.p.AtomicTransactionProcessorTest.logStarted:61 - Started AtomicTransactionProcessorTest in 4.329 seconds (JVM running for 5.152)
03:54:31.411 [main] [INFO ] com.zaxxer.hikari.HikariDataSource.getConnection:110 - HikariPool-1 - Starting...
03:54:31.515 [main] [INFO ] com.zaxxer.hikari.HikariDataSource.getConnection:123 - HikariPool-1 - Start completed.
03:54:31.710 [main] [INFO ] c.e.a.w.p.AtomicTransactionProcessorTest.testAtomicSuccess:56 - error {
  message: "success"
  detail: "txn already executed"
}
transaction_id: "4674383407-5"
status: TransactionStatusPb_Pending

03:54:31.722 [SpringApplicationShutdownHook] [INFO ] n.d.b.g.s.s.GrpcServerLifecycle.stopAndReleaseGrpcServer:160 - Completed gRPC server shutdown
03:54:31.741 [SpringApplicationShutdownHook] [INFO ] com.zaxxer.hikari.HikariDataSource.close:350 - HikariPool-1 - Shutdown initiated...
03:54:31.751 [SpringApplicationShutdownHook] [INFO ] com.zaxxer.hikari.HikariDataSource.close:352 - HikariPool-1 - Shutdown completed.
03:54:58.680 [main] [INFO ] c.e.a.w.p.AtomicTransactionProcessorTest.logStarting:55 - Starting AtomicTransactionProcessorTest using Java 11.0.29 on Sunsunsun with PID 21200 (started by Sun in D:\TestProgram\Java\JavaEE\z-exchange\wallet-service)
03:54:58.682 [main] [INFO ] c.e.a.w.p.AtomicTransactionProcessorTest.logStartupProfileInfo:631 - No active profile set, falling back to 1 default profile: "default"
03:54:59.220 [main] [INFO ] o.s.d.r.c.RepositoryConfigurationDelegate.multipleStoresDetected:262 - Multiple Spring Data modules found, entering strict repository configuration mode
03:54:59.222 [main] [INFO ] o.s.d.r.c.RepositoryConfigurationDelegate.registerRepositoriesIn:132 - Bootstrapping Spring Data Redis repositories in DEFAULT mode.
03:54:59.239 [main] [INFO ] o.s.d.r.c.RepositoryConfigurationDelegate.registerRepositoriesIn:201 - Finished Spring Data repository scanning in 10 ms. Found 0 Redis repository interfaces.
03:54:59.640 [main] [INFO ] n.d.b.g.c.a.GrpcClientAutoConfiguration.shadedNettyGrpcChannelFactory:152 - Detected grpc-netty-shaded: Creating ShadedNettyChannelFactory + InProcessChannelFactory
03:55:01.165 [main] [INFO ] n.d.b.g.s.a.GrpcServerFactoryAutoConfiguration.shadedNettyGrpcServerFactory:74 - Detected grpc-netty-shaded: Creating ShadedNettyGrpcServerFactory
03:55:02.009 [main] [INFO ] n.d.b.g.s.s.AbstractGrpcServerFactory.configureServices:108 - Registered gRPC service: wallet.WalletService, bean: walletServiceImpl, class: com.exchange.app.wallet.service.WalletServiceImpl
03:55:02.010 [main] [INFO ] n.d.b.g.s.s.AbstractGrpcServerFactory.configureServices:108 - Registered gRPC service: grpc.health.v1.Health, bean: grpcHealthService, class: io.grpc.protobuf.services.HealthServiceImpl
03:55:02.010 [main] [INFO ] n.d.b.g.s.s.AbstractGrpcServerFactory.configureServices:108 - Registered gRPC service: grpc.reflection.v1alpha.ServerReflection, bean: protoReflectionService, class: io.grpc.protobuf.services.ProtoReflectionService
03:55:02.441 [main] [INFO ] n.d.b.g.s.s.GrpcServerLifecycle.createAndStartGrpcServer:116 - gRPC Server started, listening on address: *, port: 9090
03:55:02.449 [main] [INFO ] c.e.a.w.p.AtomicTransactionProcessorTest.logStarted:61 - Started AtomicTransactionProcessorTest in 4.165 seconds (JVM running for 4.952)
03:55:02.660 [main] [INFO ] com.zaxxer.hikari.HikariDataSource.getConnection:110 - HikariPool-1 - Starting...
03:55:02.800 [main] [INFO ] com.zaxxer.hikari.HikariDataSource.getConnection:123 - HikariPool-1 - Start completed.
03:55:03.023 [main] [INFO ] o.a.k.c.producer.ProducerConfig.logAll:376 - ProducerConfig values: 
	acks = -1
	batch.size = 16384
	bootstrap.servers = [192.168.10.172:9092]
	buffer.memory = 33554432
	client.dns.lookup = use_all_dns_ips
	client.id = producer-1
	compression.type = lz4
	connections.max.idle.ms = 540000
	delivery.timeout.ms = 120000
	enable.idempotence = true
	interceptor.classes = []
	key.serializer = class org.apache.kafka.common.serialization.StringSerializer
	linger.ms = 0
	max.block.ms = 60000
	max.in.flight.requests.per.connection = 5
	max.request.size = 1048576
	metadata.max.age.ms = 300000
	metadata.max.idle.ms = 300000
	metric.reporters = []
	metrics.num.samples = 2
	metrics.recording.level = INFO
	metrics.sample.window.ms = 30000
	partitioner.class = class org.apache.kafka.clients.producer.internals.DefaultPartitioner
	receive.buffer.bytes = 32768
	reconnect.backoff.max.ms = 1000
	reconnect.backoff.ms = 50
	request.timeout.ms = 30000
	retries = 5
	retry.backoff.ms = 100
	sasl.client.callback.handler.class = null
	sasl.jaas.config = null
	sasl.kerberos.kinit.cmd = /usr/bin/kinit
	sasl.kerberos.min.time.before.relogin = 60000
	sasl.kerberos.service.name = null
	sasl.kerberos.ticket.renew.jitter = 0.05
	sasl.kerberos.ticket.renew.window.factor = 0.8
	sasl.login.callback.handler.class = null
	sasl.login.class = null
	sasl.login.connect.timeout.ms = null
	sasl.login.read.timeout.ms = null
	sasl.login.refresh.buffer.seconds = 300
	sasl.login.refresh.min.period.seconds = 60
	sasl.login.refresh.window.factor = 0.8
	sasl.login.refresh.window.jitter = 0.05
	sasl.login.retry.backoff.max.ms = 10000
	sasl.login.retry.backoff.ms = 100
	sasl.mechanism = GSSAPI
	sasl.oauthbearer.clock.skew.seconds = 30
	sasl.oauthbearer.expected.audience = null
	sasl.oauthbearer.expected.issuer = null
	sasl.oauthbearer.jwks.endpoint.refresh.ms = 3600000
	sasl.oauthbearer.jwks.endpoint.retry.backoff.max.ms = 10000
	sasl.oauthbearer.jwks.endpoint.retry.backoff.ms = 100
	sasl.oauthbearer.jwks.endpoint.url = null
	sasl.oauthbearer.scope.claim.name = scope
	sasl.oauthbearer.sub.claim.name = sub
	sasl.oauthbearer.token.endpoint.url = null
	security.protocol = PLAINTEXT
	security.providers = null
	send.buffer.bytes = 131072
	socket.connection.setup.timeout.max.ms = 30000
	socket.connection.setup.timeout.ms = 10000
	ssl.cipher.suites = null
	ssl.enabled.protocols = [TLSv1.2, TLSv1.3]
	ssl.endpoint.identification.algorithm = https
	ssl.engine.factory.class = null
	ssl.key.password = null
	ssl.keymanager.algorithm = SunX509
	ssl.keystore.certificate.chain = null
	ssl.keystore.key = null
	ssl.keystore.location = null
	ssl.keystore.password = null
	ssl.keystore.type = JKS
	ssl.protocol = TLSv1.3
	ssl.provider = null
	ssl.secure.random.implementation = null
	ssl.trustmanager.algorithm = PKIX
	ssl.truststore.certificates = null
	ssl.truststore.location = null
	ssl.truststore.password = null
	ssl.truststore.type = JKS
	transaction.timeout.ms = 60000
	transactional.id = null
	value.serializer = class org.apache.kafka.common.serialization.ByteArraySerializer

03:55:03.041 [main] [INFO ] o.a.k.clients.producer.KafkaProducer.configureTransactionState:572 - [Producer clientId=producer-1] Instantiated an idempotent producer.
03:55:03.070 [main] [INFO ] o.a.kafka.common.utils.AppInfoParser.<init>:119 - Kafka version: 3.1.2
03:55:03.070 [main] [INFO ] o.a.kafka.common.utils.AppInfoParser.<init>:120 - Kafka commitId: f8c67dc3ae0a3265
03:55:03.070 [main] [INFO ] o.a.kafka.common.utils.AppInfoParser.<init>:121 - Kafka startTimeMs: 1769111703068
03:55:12.644 [kafka-producer-network-thread | producer-1] [INFO ] o.apache.kafka.clients.NetworkClient.handleTimedOutConnections:819 - [Producer clientId=producer-1] Disconnecting from node -1 due to socket connection setup timeout. The timeout value is 9369 ms.
03:55:12.646 [kafka-producer-network-thread | producer-1] [WARN ] o.apache.kafka.clients.NetworkClient.handleServerDisconnect:1063 - [Producer clientId=producer-1] Bootstrap broker 192.168.10.172:9092 (id: -1 rack: null) disconnected
03:55:19.668 [SpringApplicationShutdownHook] [INFO ] n.d.b.g.s.s.GrpcServerLifecycle.stopAndReleaseGrpcServer:160 - Completed gRPC server shutdown
03:55:19.684 [SpringApplicationShutdownHook] [INFO ] o.a.k.clients.producer.KafkaProducer.close:1249 - [Producer clientId=producer-1] Closing the Kafka producer with timeoutMillis = 30000 ms.
03:55:33.793 [kafka-producer-network-thread | producer-1] [INFO ] o.apache.kafka.clients.NetworkClient.handleDisconnections:935 - [Producer clientId=producer-1] Node -1 disconnected.
03:55:33.800 [kafka-producer-network-thread | producer-1] [WARN ] o.apache.kafka.clients.NetworkClient.processDisconnection:775 - [Producer clientId=producer-1] Connection to node -1 (/192.168.10.172:9092) could not be established. Broker may not be available.
03:55:33.800 [kafka-producer-network-thread | producer-1] [WARN ] o.apache.kafka.clients.NetworkClient.handleServerDisconnect:1063 - [Producer clientId=producer-1] Bootstrap broker 192.168.10.172:9092 (id: -1 rack: null) disconnected
03:55:33.909 [SpringApplicationShutdownHook] [INFO ] o.a.kafka.common.metrics.Metrics.close:659 - Metrics scheduler closed
03:55:33.909 [SpringApplicationShutdownHook] [INFO ] o.a.kafka.common.metrics.Metrics.close:663 - Closing reporter org.apache.kafka.common.metrics.JmxReporter
03:55:33.918 [SpringApplicationShutdownHook] [INFO ] o.a.kafka.common.metrics.Metrics.close:669 - Metrics reporters closed
03:55:33.934 [SpringApplicationShutdownHook] [INFO ] o.a.kafka.common.utils.AppInfoParser.unregisterAppInfo:83 - App info kafka.producer for producer-1 unregistered
03:55:33.934 [SpringApplicationShutdownHook] [INFO ] com.zaxxer.hikari.HikariDataSource.close:350 - HikariPool-1 - Shutdown initiated...
03:55:33.999 [SpringApplicationShutdownHook] [INFO ] com.zaxxer.hikari.HikariDataSource.close:352 - HikariPool-1 - Shutdown completed.
03:55:48.454 [main] [INFO ] c.e.a.w.p.AtomicTransactionProcessorTest.logStarting:55 - Starting AtomicTransactionProcessorTest using Java 11.0.29 on Sunsunsun with PID 11836 (started by Sun in D:\TestProgram\Java\JavaEE\z-exchange\wallet-service)
03:55:48.455 [main] [INFO ] c.e.a.w.p.AtomicTransactionProcessorTest.logStartupProfileInfo:631 - No active profile set, falling back to 1 default profile: "default"
03:55:49.009 [main] [INFO ] o.s.d.r.c.RepositoryConfigurationDelegate.multipleStoresDetected:262 - Multiple Spring Data modules found, entering strict repository configuration mode
03:55:49.011 [main] [INFO ] o.s.d.r.c.RepositoryConfigurationDelegate.registerRepositoriesIn:132 - Bootstrapping Spring Data Redis repositories in DEFAULT mode.
03:55:49.031 [main] [INFO ] o.s.d.r.c.RepositoryConfigurationDelegate.registerRepositoriesIn:201 - Finished Spring Data repository scanning in 11 ms. Found 0 Redis repository interfaces.
03:55:49.426 [main] [INFO ] n.d.b.g.c.a.GrpcClientAutoConfiguration.shadedNettyGrpcChannelFactory:152 - Detected grpc-netty-shaded: Creating ShadedNettyChannelFactory + InProcessChannelFactory
03:55:50.839 [main] [INFO ] n.d.b.g.s.a.GrpcServerFactoryAutoConfiguration.shadedNettyGrpcServerFactory:74 - Detected grpc-netty-shaded: Creating ShadedNettyGrpcServerFactory
03:55:51.771 [main] [INFO ] n.d.b.g.s.s.AbstractGrpcServerFactory.configureServices:108 - Registered gRPC service: wallet.WalletService, bean: walletServiceImpl, class: com.exchange.app.wallet.service.WalletServiceImpl
03:55:51.772 [main] [INFO ] n.d.b.g.s.s.AbstractGrpcServerFactory.configureServices:108 - Registered gRPC service: grpc.health.v1.Health, bean: grpcHealthService, class: io.grpc.protobuf.services.HealthServiceImpl
03:55:51.772 [main] [INFO ] n.d.b.g.s.s.AbstractGrpcServerFactory.configureServices:108 - Registered gRPC service: grpc.reflection.v1alpha.ServerReflection, bean: protoReflectionService, class: io.grpc.protobuf.services.ProtoReflectionService
03:55:52.203 [main] [INFO ] n.d.b.g.s.s.GrpcServerLifecycle.createAndStartGrpcServer:116 - gRPC Server started, listening on address: *, port: 9090
03:55:52.211 [main] [INFO ] c.e.a.w.p.AtomicTransactionProcessorTest.logStarted:61 - Started AtomicTransactionProcessorTest in 4.147 seconds (JVM running for 4.887)
03:55:52.426 [main] [INFO ] com.zaxxer.hikari.HikariDataSource.getConnection:110 - HikariPool-1 - Starting...
03:55:52.555 [main] [INFO ] com.zaxxer.hikari.HikariDataSource.getConnection:123 - HikariPool-1 - Start completed.
03:55:52.768 [main] [INFO ] o.a.k.c.producer.ProducerConfig.logAll:376 - ProducerConfig values: 
	acks = -1
	batch.size = 16384
	bootstrap.servers = [192.168.52.100:9092]
	buffer.memory = 33554432
	client.dns.lookup = use_all_dns_ips
	client.id = producer-1
	compression.type = lz4
	connections.max.idle.ms = 540000
	delivery.timeout.ms = 120000
	enable.idempotence = true
	interceptor.classes = []
	key.serializer = class org.apache.kafka.common.serialization.StringSerializer
	linger.ms = 0
	max.block.ms = 60000
	max.in.flight.requests.per.connection = 5
	max.request.size = 1048576
	metadata.max.age.ms = 300000
	metadata.max.idle.ms = 300000
	metric.reporters = []
	metrics.num.samples = 2
	metrics.recording.level = INFO
	metrics.sample.window.ms = 30000
	partitioner.class = class org.apache.kafka.clients.producer.internals.DefaultPartitioner
	receive.buffer.bytes = 32768
	reconnect.backoff.max.ms = 1000
	reconnect.backoff.ms = 50
	request.timeout.ms = 30000
	retries = 5
	retry.backoff.ms = 100
	sasl.client.callback.handler.class = null
	sasl.jaas.config = null
	sasl.kerberos.kinit.cmd = /usr/bin/kinit
	sasl.kerberos.min.time.before.relogin = 60000
	sasl.kerberos.service.name = null
	sasl.kerberos.ticket.renew.jitter = 0.05
	sasl.kerberos.ticket.renew.window.factor = 0.8
	sasl.login.callback.handler.class = null
	sasl.login.class = null
	sasl.login.connect.timeout.ms = null
	sasl.login.read.timeout.ms = null
	sasl.login.refresh.buffer.seconds = 300
	sasl.login.refresh.min.period.seconds = 60
	sasl.login.refresh.window.factor = 0.8
	sasl.login.refresh.window.jitter = 0.05
	sasl.login.retry.backoff.max.ms = 10000
	sasl.login.retry.backoff.ms = 100
	sasl.mechanism = GSSAPI
	sasl.oauthbearer.clock.skew.seconds = 30
	sasl.oauthbearer.expected.audience = null
	sasl.oauthbearer.expected.issuer = null
	sasl.oauthbearer.jwks.endpoint.refresh.ms = 3600000
	sasl.oauthbearer.jwks.endpoint.retry.backoff.max.ms = 10000
	sasl.oauthbearer.jwks.endpoint.retry.backoff.ms = 100
	sasl.oauthbearer.jwks.endpoint.url = null
	sasl.oauthbearer.scope.claim.name = scope
	sasl.oauthbearer.sub.claim.name = sub
	sasl.oauthbearer.token.endpoint.url = null
	security.protocol = PLAINTEXT
	security.providers = null
	send.buffer.bytes = 131072
	socket.connection.setup.timeout.max.ms = 30000
	socket.connection.setup.timeout.ms = 10000
	ssl.cipher.suites = null
	ssl.enabled.protocols = [TLSv1.2, TLSv1.3]
	ssl.endpoint.identification.algorithm = https
	ssl.engine.factory.class = null
	ssl.key.password = null
	ssl.keymanager.algorithm = SunX509
	ssl.keystore.certificate.chain = null
	ssl.keystore.key = null
	ssl.keystore.location = null
	ssl.keystore.password = null
	ssl.keystore.type = JKS
	ssl.protocol = TLSv1.3
	ssl.provider = null
	ssl.secure.random.implementation = null
	ssl.trustmanager.algorithm = PKIX
	ssl.truststore.certificates = null
	ssl.truststore.location = null
	ssl.truststore.password = null
	ssl.truststore.type = JKS
	transaction.timeout.ms = 60000
	transactional.id = null
	value.serializer = class org.apache.kafka.common.serialization.ByteArraySerializer

03:55:52.781 [main] [INFO ] o.a.k.clients.producer.KafkaProducer.configureTransactionState:572 - [Producer clientId=producer-1] Instantiated an idempotent producer.
03:55:52.804 [main] [INFO ] o.a.kafka.common.utils.AppInfoParser.<init>:119 - Kafka version: 3.1.2
03:55:52.804 [main] [INFO ] o.a.kafka.common.utils.AppInfoParser.<init>:120 - Kafka commitId: f8c67dc3ae0a3265
03:55:52.804 [main] [INFO ] o.a.kafka.common.utils.AppInfoParser.<init>:121 - Kafka startTimeMs: 1769111752802
03:55:52.976 [kafka-producer-network-thread | producer-1] [INFO ] org.apache.kafka.clients.Metadata.updateLatestMetadata:402 - [Producer clientId=producer-1] Resetting the last seen epoch of partition wallet.ledger.command.posting-0 to 0 since the associated topicId changed from null to E6o3j7sgQquc43g__iHz9Q
03:55:52.978 [kafka-producer-network-thread | producer-1] [INFO ] org.apache.kafka.clients.Metadata.updateLatestMetadata:402 - [Producer clientId=producer-1] Resetting the last seen epoch of partition wallet.ledger.command.posting-1 to 0 since the associated topicId changed from null to E6o3j7sgQquc43g__iHz9Q
03:55:52.978 [kafka-producer-network-thread | producer-1] [INFO ] org.apache.kafka.clients.Metadata.updateLatestMetadata:402 - [Producer clientId=producer-1] Resetting the last seen epoch of partition wallet.ledger.command.posting-2 to 0 since the associated topicId changed from null to E6o3j7sgQquc43g__iHz9Q
03:55:52.979 [kafka-producer-network-thread | producer-1] [INFO ] org.apache.kafka.clients.Metadata.update:287 - [Producer clientId=producer-1] Cluster ID: vYz95nbET_yr61V8-_c8_g
03:55:52.980 [kafka-producer-network-thread | producer-1] [INFO ] o.a.k.c.p.i.TransactionManager.setProducerIdAndEpoch:554 - [Producer clientId=producer-1] ProducerId set to 5001 with epoch 0
03:55:52.979 [main] [ERROR] c.e.a.w.k.p.PostLedgerPublisher.publish:30 - publish event failed, outbox: Outbox(super=BaseEntity(createdAt=2026-01-23T03:55:52.744316, updatedAt=2026-01-23T03:55:52.744316), id=3, eventType=1, eventId=4679752708-1-12, commandId=4679752708-1, outboxStatus=PENDING, destination=wallet.ledger.command.posting, partitionKey=4679752708-1, payload=[10, 21, 116, 101, 115, 116, 45, 97, 116, 111, 109, 105, 99, 45, 115, 117, 99, 99, 101, 115, 115, 45, 50, 26, 27, 10, 12, 52, 54, 55, 52, 51, 56, 51, 48, 56, 56, 45, 49, 16, 2, 24, 10, 34, 7, 97, 115, 115, 101, 116, 45, 49, 26, 27, 10, 12, 52, 54, 55, 52, 51, 56, 51, 50, 53, 50, 45, 50, 16, 1, 24, 10, 34, 7, 97, 115, 115, 101, 116, 45, 49, 26, 27, 10, 12, 52, 54, 55, 52, 51, 56, 51, 50, 56, 49, 45, 51, 16, 2, 24, 40, 34, 7, 97, 115, 115, 101, 116, 45, 50, 26, 27, 10, 12, 52, 54, 55, 52, 51, 56, 51, 51, 48, 55, 45, 52, 16, 1, 24, 40, 34, 7, 97, 115, 115, 101, 116, 45, 50], attemptCount=1, lastAttemptAt=2026-01-23T03:55:52.718859, nextAttemptAt=2026-01-23T04:00:52.742312500, lastError=null, finalizedAt=null, metadata=null), event: event_id: "4679752708-1-12"
command_id: "4679752708-1"
event_type: "LEDGER_POST"
payload: "\n\025test-atomic-success-2\032\033\n\f4674383088-1\020\002\030\n\"\aasset-1\032\033\n\f4674383252-2\020\001\030\n\"\aasset-1\032\033\n\f4674383281-3\020\002\030(\"\aasset-2\032\033\n\f4674383307-4\020\001\030(\"\aasset-2"
occurred_at: 1769140552756
, exception: org.apache.kafka.common.errors.SerializationException: Can't convert value of class com.exchange.proto.common.event.EventEnvelopePb to class org.apache.kafka.common.serialization.ByteArraySerializer specified in value.serializer
03:55:53.048 [main] [INFO ] c.e.a.w.p.AtomicTransactionProcessorTest.testAtomicSuccess:56 - error {
  code: ERROR_FAILED_PRECONDITION
  message: "fail_to_post_transaction"
  detail: "4679752708-1"
}

03:55:53.065 [SpringApplicationShutdownHook] [INFO ] n.d.b.g.s.s.GrpcServerLifecycle.stopAndReleaseGrpcServer:160 - Completed gRPC server shutdown
03:55:53.078 [SpringApplicationShutdownHook] [INFO ] o.a.k.clients.producer.KafkaProducer.close:1249 - [Producer clientId=producer-1] Closing the Kafka producer with timeoutMillis = 30000 ms.
03:55:53.082 [SpringApplicationShutdownHook] [INFO ] o.a.kafka.common.metrics.Metrics.close:659 - Metrics scheduler closed
03:55:53.083 [SpringApplicationShutdownHook] [INFO ] o.a.kafka.common.metrics.Metrics.close:663 - Closing reporter org.apache.kafka.common.metrics.JmxReporter
03:55:53.083 [SpringApplicationShutdownHook] [INFO ] o.a.kafka.common.metrics.Metrics.close:669 - Metrics reporters closed
03:55:53.083 [SpringApplicationShutdownHook] [INFO ] o.a.kafka.common.utils.AppInfoParser.unregisterAppInfo:83 - App info kafka.producer for producer-1 unregistered
03:55:53.084 [SpringApplicationShutdownHook] [INFO ] com.zaxxer.hikari.HikariDataSource.close:350 - HikariPool-1 - Shutdown initiated...
03:55:53.092 [SpringApplicationShutdownHook] [INFO ] com.zaxxer.hikari.HikariDataSource.close:352 - HikariPool-1 - Shutdown completed.
03:59:22.764 [main] [INFO ] c.e.a.w.p.AtomicTransactionProcessorTest.logStarting:55 - Starting AtomicTransactionProcessorTest using Java 11.0.29 on Sunsunsun with PID 4780 (started by Sun in D:\TestProgram\Java\JavaEE\z-exchange\wallet-service)
03:59:22.765 [main] [INFO ] c.e.a.w.p.AtomicTransactionProcessorTest.logStartupProfileInfo:631 - No active profile set, falling back to 1 default profile: "default"
03:59:23.304 [main] [INFO ] o.s.d.r.c.RepositoryConfigurationDelegate.multipleStoresDetected:262 - Multiple Spring Data modules found, entering strict repository configuration mode
03:59:23.306 [main] [INFO ] o.s.d.r.c.RepositoryConfigurationDelegate.registerRepositoriesIn:132 - Bootstrapping Spring Data Redis repositories in DEFAULT mode.
03:59:23.324 [main] [INFO ] o.s.d.r.c.RepositoryConfigurationDelegate.registerRepositoriesIn:201 - Finished Spring Data repository scanning in 10 ms. Found 0 Redis repository interfaces.
03:59:23.711 [main] [INFO ] n.d.b.g.c.a.GrpcClientAutoConfiguration.shadedNettyGrpcChannelFactory:152 - Detected grpc-netty-shaded: Creating ShadedNettyChannelFactory + InProcessChannelFactory
03:59:25.071 [main] [INFO ] n.d.b.g.s.a.GrpcServerFactoryAutoConfiguration.shadedNettyGrpcServerFactory:74 - Detected grpc-netty-shaded: Creating ShadedNettyGrpcServerFactory
03:59:25.863 [main] [INFO ] n.d.b.g.s.s.AbstractGrpcServerFactory.configureServices:108 - Registered gRPC service: wallet.WalletService, bean: walletServiceImpl, class: com.exchange.app.wallet.service.WalletServiceImpl
03:59:25.863 [main] [INFO ] n.d.b.g.s.s.AbstractGrpcServerFactory.configureServices:108 - Registered gRPC service: grpc.health.v1.Health, bean: grpcHealthService, class: io.grpc.protobuf.services.HealthServiceImpl
03:59:25.864 [main] [INFO ] n.d.b.g.s.s.AbstractGrpcServerFactory.configureServices:108 - Registered gRPC service: grpc.reflection.v1alpha.ServerReflection, bean: protoReflectionService, class: io.grpc.protobuf.services.ProtoReflectionService
03:59:26.250 [main] [INFO ] n.d.b.g.s.s.GrpcServerLifecycle.createAndStartGrpcServer:116 - gRPC Server started, listening on address: *, port: 9090
03:59:26.258 [main] [INFO ] c.e.a.w.p.AtomicTransactionProcessorTest.logStarted:61 - Started AtomicTransactionProcessorTest in 3.86 seconds (JVM running for 4.652)
03:59:26.467 [main] [INFO ] com.zaxxer.hikari.HikariDataSource.getConnection:110 - HikariPool-1 - Starting...
03:59:26.575 [main] [INFO ] com.zaxxer.hikari.HikariDataSource.getConnection:123 - HikariPool-1 - Start completed.
03:59:26.785 [main] [INFO ] o.a.k.c.producer.ProducerConfig.logAll:376 - ProducerConfig values: 
	acks = -1
	batch.size = 16384
	bootstrap.servers = [192.168.52.100:9092]
	buffer.memory = 33554432
	client.dns.lookup = use_all_dns_ips
	client.id = producer-1
	compression.type = lz4
	connections.max.idle.ms = 540000
	delivery.timeout.ms = 120000
	enable.idempotence = true
	interceptor.classes = []
	key.serializer = class org.apache.kafka.common.serialization.StringSerializer
	linger.ms = 0
	max.block.ms = 60000
	max.in.flight.requests.per.connection = 5
	max.request.size = 1048576
	metadata.max.age.ms = 300000
	metadata.max.idle.ms = 300000
	metric.reporters = []
	metrics.num.samples = 2
	metrics.recording.level = INFO
	metrics.sample.window.ms = 30000
	partitioner.class = class org.apache.kafka.clients.producer.internals.DefaultPartitioner
	receive.buffer.bytes = 32768
	reconnect.backoff.max.ms = 1000
	reconnect.backoff.ms = 50
	request.timeout.ms = 30000
	retries = 5
	retry.backoff.ms = 100
	sasl.client.callback.handler.class = null
	sasl.jaas.config = null
	sasl.kerberos.kinit.cmd = /usr/bin/kinit
	sasl.kerberos.min.time.before.relogin = 60000
	sasl.kerberos.service.name = null
	sasl.kerberos.ticket.renew.jitter = 0.05
	sasl.kerberos.ticket.renew.window.factor = 0.8
	sasl.login.callback.handler.class = null
	sasl.login.class = null
	sasl.login.connect.timeout.ms = null
	sasl.login.read.timeout.ms = null
	sasl.login.refresh.buffer.seconds = 300
	sasl.login.refresh.min.period.seconds = 60
	sasl.login.refresh.window.factor = 0.8
	sasl.login.refresh.window.jitter = 0.05
	sasl.login.retry.backoff.max.ms = 10000
	sasl.login.retry.backoff.ms = 100
	sasl.mechanism = GSSAPI
	sasl.oauthbearer.clock.skew.seconds = 30
	sasl.oauthbearer.expected.audience = null
	sasl.oauthbearer.expected.issuer = null
	sasl.oauthbearer.jwks.endpoint.refresh.ms = 3600000
	sasl.oauthbearer.jwks.endpoint.retry.backoff.max.ms = 10000
	sasl.oauthbearer.jwks.endpoint.retry.backoff.ms = 100
	sasl.oauthbearer.jwks.endpoint.url = null
	sasl.oauthbearer.scope.claim.name = scope
	sasl.oauthbearer.sub.claim.name = sub
	sasl.oauthbearer.token.endpoint.url = null
	security.protocol = PLAINTEXT
	security.providers = null
	send.buffer.bytes = 131072
	socket.connection.setup.timeout.max.ms = 30000
	socket.connection.setup.timeout.ms = 10000
	ssl.cipher.suites = null
	ssl.enabled.protocols = [TLSv1.2, TLSv1.3]
	ssl.endpoint.identification.algorithm = https
	ssl.engine.factory.class = null
	ssl.key.password = null
	ssl.keymanager.algorithm = SunX509
	ssl.keystore.certificate.chain = null
	ssl.keystore.key = null
	ssl.keystore.location = null
	ssl.keystore.password = null
	ssl.keystore.type = JKS
	ssl.protocol = TLSv1.3
	ssl.provider = null
	ssl.secure.random.implementation = null
	ssl.trustmanager.algorithm = PKIX
	ssl.truststore.certificates = null
	ssl.truststore.location = null
	ssl.truststore.password = null
	ssl.truststore.type = JKS
	transaction.timeout.ms = 60000
	transactional.id = null
	value.serializer = class org.apache.kafka.common.serialization.ByteArraySerializer

03:59:26.818 [main] [INFO ] o.a.k.clients.producer.KafkaProducer.configureTransactionState:572 - [Producer clientId=producer-1] Instantiated an idempotent producer.
03:59:26.844 [main] [INFO ] o.a.kafka.common.utils.AppInfoParser.<init>:119 - Kafka version: 3.1.2
03:59:26.844 [main] [INFO ] o.a.kafka.common.utils.AppInfoParser.<init>:120 - Kafka commitId: f8c67dc3ae0a3265
03:59:26.844 [main] [INFO ] o.a.kafka.common.utils.AppInfoParser.<init>:121 - Kafka startTimeMs: 1769111966843
03:59:27.007 [kafka-producer-network-thread | producer-1] [INFO ] org.apache.kafka.clients.Metadata.updateLatestMetadata:402 - [Producer clientId=producer-1] Resetting the last seen epoch of partition wallet.ledger.command.posting-0 to 0 since the associated topicId changed from null to E6o3j7sgQquc43g__iHz9Q
03:59:27.009 [kafka-producer-network-thread | producer-1] [INFO ] org.apache.kafka.clients.Metadata.updateLatestMetadata:402 - [Producer clientId=producer-1] Resetting the last seen epoch of partition wallet.ledger.command.posting-1 to 0 since the associated topicId changed from null to E6o3j7sgQquc43g__iHz9Q
03:59:27.009 [kafka-producer-network-thread | producer-1] [INFO ] org.apache.kafka.clients.Metadata.updateLatestMetadata:402 - [Producer clientId=producer-1] Resetting the last seen epoch of partition wallet.ledger.command.posting-2 to 0 since the associated topicId changed from null to E6o3j7sgQquc43g__iHz9Q
03:59:27.010 [kafka-producer-network-thread | producer-1] [INFO ] org.apache.kafka.clients.Metadata.update:287 - [Producer clientId=producer-1] Cluster ID: vYz95nbET_yr61V8-_c8_g
03:59:27.011 [kafka-producer-network-thread | producer-1] [INFO ] o.a.k.c.p.i.TransactionManager.setProducerIdAndEpoch:554 - [Producer clientId=producer-1] ProducerId set to 5002 with epoch 0
03:59:27.220 [main] [INFO ] c.e.a.w.p.AtomicTransactionProcessorTest.testAtomicSuccess:56 - error {
  message: "success"
  detail: "success"
}
transaction_id: "4679966728-1"
status: TransactionStatusPb_Pending

03:59:27.234 [SpringApplicationShutdownHook] [INFO ] n.d.b.g.s.s.GrpcServerLifecycle.stopAndReleaseGrpcServer:160 - Completed gRPC server shutdown
03:59:27.249 [SpringApplicationShutdownHook] [INFO ] o.a.k.clients.producer.KafkaProducer.close:1249 - [Producer clientId=producer-1] Closing the Kafka producer with timeoutMillis = 30000 ms.
03:59:27.255 [SpringApplicationShutdownHook] [INFO ] o.a.kafka.common.metrics.Metrics.close:659 - Metrics scheduler closed
03:59:27.256 [SpringApplicationShutdownHook] [INFO ] o.a.kafka.common.metrics.Metrics.close:663 - Closing reporter org.apache.kafka.common.metrics.JmxReporter
03:59:27.257 [SpringApplicationShutdownHook] [INFO ] o.a.kafka.common.metrics.Metrics.close:669 - Metrics reporters closed
03:59:27.258 [SpringApplicationShutdownHook] [INFO ] o.a.kafka.common.utils.AppInfoParser.unregisterAppInfo:83 - App info kafka.producer for producer-1 unregistered
03:59:27.260 [SpringApplicationShutdownHook] [INFO ] com.zaxxer.hikari.HikariDataSource.close:350 - HikariPool-1 - Shutdown initiated...
03:59:27.271 [SpringApplicationShutdownHook] [INFO ] com.zaxxer.hikari.HikariDataSource.close:352 - HikariPool-1 - Shutdown completed.
04:12:58.950 [main] [INFO ] c.e.a.w.p.AtomicTransactionProcessorTest.logStarting:55 - Starting AtomicTransactionProcessorTest using Java 11.0.29 on Sunsunsun with PID 4752 (started by Sun in D:\TestProgram\Java\JavaEE\z-exchange\wallet-service)
04:12:58.952 [main] [INFO ] c.e.a.w.p.AtomicTransactionProcessorTest.logStartupProfileInfo:631 - No active profile set, falling back to 1 default profile: "default"
04:12:59.523 [main] [INFO ] o.s.d.r.c.RepositoryConfigurationDelegate.multipleStoresDetected:262 - Multiple Spring Data modules found, entering strict repository configuration mode
04:12:59.525 [main] [INFO ] o.s.d.r.c.RepositoryConfigurationDelegate.registerRepositoriesIn:132 - Bootstrapping Spring Data Redis repositories in DEFAULT mode.
04:12:59.542 [main] [INFO ] o.s.d.r.c.RepositoryConfigurationDelegate.registerRepositoriesIn:201 - Finished Spring Data repository scanning in 10 ms. Found 0 Redis repository interfaces.
04:12:59.946 [main] [INFO ] n.d.b.g.c.a.GrpcClientAutoConfiguration.shadedNettyGrpcChannelFactory:152 - Detected grpc-netty-shaded: Creating ShadedNettyChannelFactory + InProcessChannelFactory
04:13:01.520 [main] [INFO ] n.d.b.g.s.a.GrpcServerFactoryAutoConfiguration.shadedNettyGrpcServerFactory:74 - Detected grpc-netty-shaded: Creating ShadedNettyGrpcServerFactory
04:13:02.326 [main] [INFO ] n.d.b.g.s.s.AbstractGrpcServerFactory.configureServices:108 - Registered gRPC service: wallet.WalletService, bean: walletServiceImpl, class: com.exchange.app.wallet.service.WalletServiceImpl
04:13:02.327 [main] [INFO ] n.d.b.g.s.s.AbstractGrpcServerFactory.configureServices:108 - Registered gRPC service: grpc.health.v1.Health, bean: grpcHealthService, class: io.grpc.protobuf.services.HealthServiceImpl
04:13:02.327 [main] [INFO ] n.d.b.g.s.s.AbstractGrpcServerFactory.configureServices:108 - Registered gRPC service: grpc.reflection.v1alpha.ServerReflection, bean: protoReflectionService, class: io.grpc.protobuf.services.ProtoReflectionService
04:13:02.738 [main] [INFO ] n.d.b.g.s.s.GrpcServerLifecycle.createAndStartGrpcServer:116 - gRPC Server started, listening on address: *, port: 9090
04:13:02.746 [main] [INFO ] c.e.a.w.p.AtomicTransactionProcessorTest.logStarted:61 - Started AtomicTransactionProcessorTest in 4.205 seconds (JVM running for 5.157)
04:13:02.945 [main] [INFO ] com.zaxxer.hikari.HikariDataSource.getConnection:110 - HikariPool-1 - Starting...
04:13:03.044 [main] [INFO ] com.zaxxer.hikari.HikariDataSource.getConnection:123 - HikariPool-1 - Start completed.
04:13:03.245 [main] [INFO ] o.a.k.c.producer.ProducerConfig.logAll:376 - ProducerConfig values: 
	acks = -1
	batch.size = 16384
	bootstrap.servers = [192.168.52.100:9092]
	buffer.memory = 33554432
	client.dns.lookup = use_all_dns_ips
	client.id = producer-1
	compression.type = lz4
	connections.max.idle.ms = 540000
	delivery.timeout.ms = 120000
	enable.idempotence = true
	interceptor.classes = []
	key.serializer = class org.apache.kafka.common.serialization.StringSerializer
	linger.ms = 0
	max.block.ms = 60000
	max.in.flight.requests.per.connection = 5
	max.request.size = 1048576
	metadata.max.age.ms = 300000
	metadata.max.idle.ms = 300000
	metric.reporters = []
	metrics.num.samples = 2
	metrics.recording.level = INFO
	metrics.sample.window.ms = 30000
	partitioner.class = class org.apache.kafka.clients.producer.internals.DefaultPartitioner
	receive.buffer.bytes = 32768
	reconnect.backoff.max.ms = 1000
	reconnect.backoff.ms = 50
	request.timeout.ms = 30000
	retries = 5
	retry.backoff.ms = 100
	sasl.client.callback.handler.class = null
	sasl.jaas.config = null
	sasl.kerberos.kinit.cmd = /usr/bin/kinit
	sasl.kerberos.min.time.before.relogin = 60000
	sasl.kerberos.service.name = null
	sasl.kerberos.ticket.renew.jitter = 0.05
	sasl.kerberos.ticket.renew.window.factor = 0.8
	sasl.login.callback.handler.class = null
	sasl.login.class = null
	sasl.login.connect.timeout.ms = null
	sasl.login.read.timeout.ms = null
	sasl.login.refresh.buffer.seconds = 300
	sasl.login.refresh.min.period.seconds = 60
	sasl.login.refresh.window.factor = 0.8
	sasl.login.refresh.window.jitter = 0.05
	sasl.login.retry.backoff.max.ms = 10000
	sasl.login.retry.backoff.ms = 100
	sasl.mechanism = GSSAPI
	sasl.oauthbearer.clock.skew.seconds = 30
	sasl.oauthbearer.expected.audience = null
	sasl.oauthbearer.expected.issuer = null
	sasl.oauthbearer.jwks.endpoint.refresh.ms = 3600000
	sasl.oauthbearer.jwks.endpoint.retry.backoff.max.ms = 10000
	sasl.oauthbearer.jwks.endpoint.retry.backoff.ms = 100
	sasl.oauthbearer.jwks.endpoint.url = null
	sasl.oauthbearer.scope.claim.name = scope
	sasl.oauthbearer.sub.claim.name = sub
	sasl.oauthbearer.token.endpoint.url = null
	security.protocol = PLAINTEXT
	security.providers = null
	send.buffer.bytes = 131072
	socket.connection.setup.timeout.max.ms = 30000
	socket.connection.setup.timeout.ms = 10000
	ssl.cipher.suites = null
	ssl.enabled.protocols = [TLSv1.2, TLSv1.3]
	ssl.endpoint.identification.algorithm = https
	ssl.engine.factory.class = null
	ssl.key.password = null
	ssl.keymanager.algorithm = SunX509
	ssl.keystore.certificate.chain = null
	ssl.keystore.key = null
	ssl.keystore.location = null
	ssl.keystore.password = null
	ssl.keystore.type = JKS
	ssl.protocol = TLSv1.3
	ssl.provider = null
	ssl.secure.random.implementation = null
	ssl.trustmanager.algorithm = PKIX
	ssl.truststore.certificates = null
	ssl.truststore.location = null
	ssl.truststore.password = null
	ssl.truststore.type = JKS
	transaction.timeout.ms = 60000
	transactional.id = null
	value.serializer = class org.apache.kafka.common.serialization.ByteArraySerializer

04:13:03.260 [main] [INFO ] o.a.k.clients.producer.KafkaProducer.configureTransactionState:572 - [Producer clientId=producer-1] Instantiated an idempotent producer.
04:13:03.284 [main] [INFO ] o.a.kafka.common.utils.AppInfoParser.<init>:119 - Kafka version: 3.1.2
04:13:03.285 [main] [INFO ] o.a.kafka.common.utils.AppInfoParser.<init>:120 - Kafka commitId: f8c67dc3ae0a3265
04:13:03.285 [main] [INFO ] o.a.kafka.common.utils.AppInfoParser.<init>:121 - Kafka startTimeMs: 1769112783282
04:13:03.445 [kafka-producer-network-thread | producer-1] [INFO ] org.apache.kafka.clients.Metadata.updateLatestMetadata:402 - [Producer clientId=producer-1] Resetting the last seen epoch of partition wallet.ledger.command.posting-0 to 0 since the associated topicId changed from null to E6o3j7sgQquc43g__iHz9Q
04:13:03.446 [kafka-producer-network-thread | producer-1] [INFO ] org.apache.kafka.clients.Metadata.updateLatestMetadata:402 - [Producer clientId=producer-1] Resetting the last seen epoch of partition wallet.ledger.command.posting-1 to 0 since the associated topicId changed from null to E6o3j7sgQquc43g__iHz9Q
04:13:03.446 [kafka-producer-network-thread | producer-1] [INFO ] org.apache.kafka.clients.Metadata.updateLatestMetadata:402 - [Producer clientId=producer-1] Resetting the last seen epoch of partition wallet.ledger.command.posting-2 to 0 since the associated topicId changed from null to E6o3j7sgQquc43g__iHz9Q
04:13:03.448 [kafka-producer-network-thread | producer-1] [INFO ] org.apache.kafka.clients.Metadata.update:287 - [Producer clientId=producer-1] Cluster ID: vYz95nbET_yr61V8-_c8_g
04:13:03.451 [kafka-producer-network-thread | producer-1] [INFO ] o.a.k.c.p.i.TransactionManager.setProducerIdAndEpoch:554 - [Producer clientId=producer-1] ProducerId set to 5003 with epoch 0
04:13:03.702 [main] [ERROR] c.e.a.w.p.t.TransactionProcessor.beforePostingLedger:341 - finalize outbox failed, Outbox(super=BaseEntity(createdAt=2026-01-23T04:13:03.223528400, updatedAt=2026-01-23T04:13:03.223528400), id=5, eventType=1, eventId=4680783186-1-12, commandId=4680783186-1, outboxStatus=PENDING, destination=wallet.ledger.command.posting, partitionKey=4680783186-1, payload=[10, 21, 116, 101, 115, 116, 45, 97, 116, 111, 109, 105, 99, 45, 115, 117, 99, 99, 101, 115, 115, 45, 52, 26, 27, 10, 12, 52, 54, 55, 52, 51, 56, 51, 48, 56, 56, 45, 49, 16, 2, 24, 10, 34, 7, 97, 115, 115, 101, 116, 45, 49, 26, 27, 10, 12, 52, 54, 55, 52, 51, 56, 51, 50, 53, 50, 45, 50, 16, 1, 24, 10, 34, 7, 97, 115, 115, 101, 116, 45, 49, 26, 27, 10, 12, 52, 54, 55, 52, 51, 56, 51, 50, 56, 49, 45, 51, 16, 2, 24, 40, 34, 7, 97, 115, 115, 101, 116, 45, 50, 26, 27, 10, 12, 52, 54, 55, 52, 51, 56, 51, 51, 48, 55, 45, 52, 16, 1, 24, 40, 34, 7, 97, 115, 115, 101, 116, 45, 50], attemptCount=1, lastAttemptAt=2026-01-23T04:13:03.199618500, nextAttemptAt=2026-01-23T04:18:03.222532800, lastError=null, finalizedAt=null, metadata=null), CommonResult(success=true, value=null, errorCode=SUCCESS, errorDetail=)
04:13:03.801 [main] [INFO ] c.e.a.w.p.AtomicTransactionProcessorTest.testAtomicSuccess:56 - error {
  message: "success"
  detail: "success"
}
transaction_id: "4680783186-1"
status: TransactionStatusPb_Pending

04:13:03.819 [SpringApplicationShutdownHook] [INFO ] n.d.b.g.s.s.GrpcServerLifecycle.stopAndReleaseGrpcServer:160 - Completed gRPC server shutdown
04:13:03.839 [SpringApplicationShutdownHook] [INFO ] o.a.k.clients.producer.KafkaProducer.close:1249 - [Producer clientId=producer-1] Closing the Kafka producer with timeoutMillis = 30000 ms.
04:13:03.843 [SpringApplicationShutdownHook] [INFO ] o.a.kafka.common.metrics.Metrics.close:659 - Metrics scheduler closed
04:13:03.843 [SpringApplicationShutdownHook] [INFO ] o.a.kafka.common.metrics.Metrics.close:663 - Closing reporter org.apache.kafka.common.metrics.JmxReporter
04:13:03.844 [SpringApplicationShutdownHook] [INFO ] o.a.kafka.common.metrics.Metrics.close:669 - Metrics reporters closed
04:13:03.844 [SpringApplicationShutdownHook] [INFO ] o.a.kafka.common.utils.AppInfoParser.unregisterAppInfo:83 - App info kafka.producer for producer-1 unregistered
04:13:03.847 [SpringApplicationShutdownHook] [INFO ] com.zaxxer.hikari.HikariDataSource.close:350 - HikariPool-1 - Shutdown initiated...
04:13:03.859 [SpringApplicationShutdownHook] [INFO ] com.zaxxer.hikari.HikariDataSource.close:352 - HikariPool-1 - Shutdown completed.
