03:11:05.349 [main] [INFO ] c.e.app.wallet.processor.SimpleTest.logStarting:55 - Starting SimpleTest using Java 11.0.29 on Sunsunsun with PID 1520 (started by Sun in D:\TestProgram\Java\JavaEE\z-exchange\wallet-service)
03:11:05.350 [main] [INFO ] c.e.app.wallet.processor.SimpleTest.logStartupProfileInfo:631 - No active profile set, falling back to 1 default profile: "default"
03:11:05.936 [main] [INFO ] o.s.d.r.c.RepositoryConfigurationDelegate.multipleStoresDetected:262 - Multiple Spring Data modules found, entering strict repository configuration mode
03:11:05.938 [main] [INFO ] o.s.d.r.c.RepositoryConfigurationDelegate.registerRepositoriesIn:132 - Bootstrapping Spring Data Redis repositories in DEFAULT mode.
03:11:05.959 [main] [INFO ] o.s.d.r.c.RepositoryConfigurationDelegate.registerRepositoriesIn:201 - Finished Spring Data repository scanning in 10 ms. Found 0 Redis repository interfaces.
03:11:06.373 [main] [INFO ] n.d.b.g.c.a.GrpcClientAutoConfiguration.shadedNettyGrpcChannelFactory:152 - Detected grpc-netty-shaded: Creating ShadedNettyChannelFactory + InProcessChannelFactory
03:11:08.008 [main] [INFO ] n.d.b.g.s.a.GrpcServerFactoryAutoConfiguration.shadedNettyGrpcServerFactory:74 - Detected grpc-netty-shaded: Creating ShadedNettyGrpcServerFactory
03:11:08.845 [main] [INFO ] n.d.b.g.s.s.AbstractGrpcServerFactory.configureServices:108 - Registered gRPC service: wallet.WalletService, bean: walletServiceImpl, class: com.exchange.app.wallet.service.WalletServiceImpl
03:11:08.846 [main] [INFO ] n.d.b.g.s.s.AbstractGrpcServerFactory.configureServices:108 - Registered gRPC service: grpc.health.v1.Health, bean: grpcHealthService, class: io.grpc.protobuf.services.HealthServiceImpl
03:11:08.846 [main] [INFO ] n.d.b.g.s.s.AbstractGrpcServerFactory.configureServices:108 - Registered gRPC service: grpc.reflection.v1alpha.ServerReflection, bean: protoReflectionService, class: io.grpc.protobuf.services.ProtoReflectionService
03:11:09.272 [main] [INFO ] n.d.b.g.s.s.GrpcServerLifecycle.createAndStartGrpcServer:116 - gRPC Server started, listening on address: *, port: 9090
03:11:09.282 [main] [INFO ] c.e.app.wallet.processor.SimpleTest.logStarted:61 - Started SimpleTest in 4.296 seconds (JVM running for 5.346)
03:11:09.548 [main] [INFO ] com.zaxxer.hikari.HikariDataSource.getConnection:110 - HikariPool-1 - Starting...
03:11:09.692 [main] [INFO ] com.zaxxer.hikari.HikariDataSource.getConnection:123 - HikariPool-1 - Start completed.
03:11:09.938 [SpringApplicationShutdownHook] [INFO ] n.d.b.g.s.s.GrpcServerLifecycle.stopAndReleaseGrpcServer:160 - Completed gRPC server shutdown
03:11:09.956 [SpringApplicationShutdownHook] [INFO ] com.zaxxer.hikari.HikariDataSource.close:350 - HikariPool-1 - Shutdown initiated...
03:11:09.965 [SpringApplicationShutdownHook] [INFO ] com.zaxxer.hikari.HikariDataSource.close:352 - HikariPool-1 - Shutdown completed.
03:11:31.426 [main] [INFO ] c.e.app.wallet.processor.SimpleTest.logStarting:55 - Starting SimpleTest using Java 11.0.29 on Sunsunsun with PID 22252 (started by Sun in D:\TestProgram\Java\JavaEE\z-exchange\wallet-service)
03:11:31.427 [main] [INFO ] c.e.app.wallet.processor.SimpleTest.logStartupProfileInfo:631 - No active profile set, falling back to 1 default profile: "default"
03:11:31.993 [main] [INFO ] o.s.d.r.c.RepositoryConfigurationDelegate.multipleStoresDetected:262 - Multiple Spring Data modules found, entering strict repository configuration mode
03:11:31.995 [main] [INFO ] o.s.d.r.c.RepositoryConfigurationDelegate.registerRepositoriesIn:132 - Bootstrapping Spring Data Redis repositories in DEFAULT mode.
03:11:32.016 [main] [INFO ] o.s.d.r.c.RepositoryConfigurationDelegate.registerRepositoriesIn:201 - Finished Spring Data repository scanning in 13 ms. Found 0 Redis repository interfaces.
03:11:32.386 [main] [INFO ] n.d.b.g.c.a.GrpcClientAutoConfiguration.shadedNettyGrpcChannelFactory:152 - Detected grpc-netty-shaded: Creating ShadedNettyChannelFactory + InProcessChannelFactory
03:11:33.844 [main] [INFO ] n.d.b.g.s.a.GrpcServerFactoryAutoConfiguration.shadedNettyGrpcServerFactory:74 - Detected grpc-netty-shaded: Creating ShadedNettyGrpcServerFactory
03:11:34.672 [main] [INFO ] n.d.b.g.s.s.AbstractGrpcServerFactory.configureServices:108 - Registered gRPC service: wallet.WalletService, bean: walletServiceImpl, class: com.exchange.app.wallet.service.WalletServiceImpl
03:11:34.673 [main] [INFO ] n.d.b.g.s.s.AbstractGrpcServerFactory.configureServices:108 - Registered gRPC service: grpc.health.v1.Health, bean: grpcHealthService, class: io.grpc.protobuf.services.HealthServiceImpl
03:11:34.673 [main] [INFO ] n.d.b.g.s.s.AbstractGrpcServerFactory.configureServices:108 - Registered gRPC service: grpc.reflection.v1alpha.ServerReflection, bean: protoReflectionService, class: io.grpc.protobuf.services.ProtoReflectionService
03:11:35.038 [main] [INFO ] n.d.b.g.s.s.GrpcServerLifecycle.createAndStartGrpcServer:116 - gRPC Server started, listening on address: *, port: 9090
03:11:35.046 [main] [INFO ] c.e.app.wallet.processor.SimpleTest.logStarted:61 - Started SimpleTest in 3.985 seconds (JVM running for 4.736)
03:11:35.238 [main] [INFO ] com.zaxxer.hikari.HikariDataSource.getConnection:110 - HikariPool-1 - Starting...
03:11:35.330 [main] [INFO ] com.zaxxer.hikari.HikariDataSource.getConnection:123 - HikariPool-1 - Start completed.
03:11:35.429 [SpringApplicationShutdownHook] [INFO ] n.d.b.g.s.s.GrpcServerLifecycle.stopAndReleaseGrpcServer:160 - Completed gRPC server shutdown
03:11:35.456 [SpringApplicationShutdownHook] [INFO ] com.zaxxer.hikari.HikariDataSource.close:350 - HikariPool-1 - Shutdown initiated...
03:11:35.466 [SpringApplicationShutdownHook] [INFO ] com.zaxxer.hikari.HikariDataSource.close:352 - HikariPool-1 - Shutdown completed.
03:12:05.547 [main] [INFO ] c.e.app.wallet.processor.SimpleTest.logStarting:55 - Starting SimpleTest using Java 11.0.29 on Sunsunsun with PID 10012 (started by Sun in D:\TestProgram\Java\JavaEE\z-exchange\wallet-service)
03:12:05.548 [main] [INFO ] c.e.app.wallet.processor.SimpleTest.logStartupProfileInfo:631 - No active profile set, falling back to 1 default profile: "default"
03:12:06.066 [main] [INFO ] o.s.d.r.c.RepositoryConfigurationDelegate.multipleStoresDetected:262 - Multiple Spring Data modules found, entering strict repository configuration mode
03:12:06.067 [main] [INFO ] o.s.d.r.c.RepositoryConfigurationDelegate.registerRepositoriesIn:132 - Bootstrapping Spring Data Redis repositories in DEFAULT mode.
03:12:06.085 [main] [INFO ] o.s.d.r.c.RepositoryConfigurationDelegate.registerRepositoriesIn:201 - Finished Spring Data repository scanning in 9 ms. Found 0 Redis repository interfaces.
03:12:06.465 [main] [INFO ] n.d.b.g.c.a.GrpcClientAutoConfiguration.shadedNettyGrpcChannelFactory:152 - Detected grpc-netty-shaded: Creating ShadedNettyChannelFactory + InProcessChannelFactory
03:12:07.901 [main] [INFO ] n.d.b.g.s.a.GrpcServerFactoryAutoConfiguration.shadedNettyGrpcServerFactory:74 - Detected grpc-netty-shaded: Creating ShadedNettyGrpcServerFactory
03:12:08.673 [main] [INFO ] n.d.b.g.s.s.AbstractGrpcServerFactory.configureServices:108 - Registered gRPC service: wallet.WalletService, bean: walletServiceImpl, class: com.exchange.app.wallet.service.WalletServiceImpl
03:12:08.674 [main] [INFO ] n.d.b.g.s.s.AbstractGrpcServerFactory.configureServices:108 - Registered gRPC service: grpc.health.v1.Health, bean: grpcHealthService, class: io.grpc.protobuf.services.HealthServiceImpl
03:12:08.674 [main] [INFO ] n.d.b.g.s.s.AbstractGrpcServerFactory.configureServices:108 - Registered gRPC service: grpc.reflection.v1alpha.ServerReflection, bean: protoReflectionService, class: io.grpc.protobuf.services.ProtoReflectionService
03:12:09.043 [main] [INFO ] n.d.b.g.s.s.GrpcServerLifecycle.createAndStartGrpcServer:116 - gRPC Server started, listening on address: *, port: 9090
03:12:09.051 [main] [INFO ] c.e.app.wallet.processor.SimpleTest.logStarted:61 - Started SimpleTest in 3.871 seconds (JVM running for 4.685)
03:12:09.255 [main] [INFO ] com.zaxxer.hikari.HikariDataSource.getConnection:110 - HikariPool-1 - Starting...
03:12:09.362 [main] [INFO ] com.zaxxer.hikari.HikariDataSource.getConnection:123 - HikariPool-1 - Start completed.
03:12:09.607 [SpringApplicationShutdownHook] [INFO ] n.d.b.g.s.s.GrpcServerLifecycle.stopAndReleaseGrpcServer:160 - Completed gRPC server shutdown
03:12:09.623 [SpringApplicationShutdownHook] [INFO ] com.zaxxer.hikari.HikariDataSource.close:350 - HikariPool-1 - Shutdown initiated...
03:12:09.631 [SpringApplicationShutdownHook] [INFO ] com.zaxxer.hikari.HikariDataSource.close:352 - HikariPool-1 - Shutdown completed.
03:20:08.851 [main] [INFO ] c.e.app.wallet.processor.SimpleTest.logStarting:55 - Starting SimpleTest using Java 11.0.29 on Sunsunsun with PID 22168 (started by Sun in D:\TestProgram\Java\JavaEE\z-exchange\wallet-service)
03:20:08.853 [main] [INFO ] c.e.app.wallet.processor.SimpleTest.logStartupProfileInfo:631 - No active profile set, falling back to 1 default profile: "default"
03:20:09.378 [main] [INFO ] o.s.d.r.c.RepositoryConfigurationDelegate.multipleStoresDetected:262 - Multiple Spring Data modules found, entering strict repository configuration mode
03:20:09.380 [main] [INFO ] o.s.d.r.c.RepositoryConfigurationDelegate.registerRepositoriesIn:132 - Bootstrapping Spring Data Redis repositories in DEFAULT mode.
03:20:09.399 [main] [INFO ] o.s.d.r.c.RepositoryConfigurationDelegate.registerRepositoriesIn:201 - Finished Spring Data repository scanning in 9 ms. Found 0 Redis repository interfaces.
03:20:09.785 [main] [INFO ] n.d.b.g.c.a.GrpcClientAutoConfiguration.shadedNettyGrpcChannelFactory:152 - Detected grpc-netty-shaded: Creating ShadedNettyChannelFactory + InProcessChannelFactory
03:20:11.120 [main] [INFO ] n.d.b.g.s.a.GrpcServerFactoryAutoConfiguration.shadedNettyGrpcServerFactory:74 - Detected grpc-netty-shaded: Creating ShadedNettyGrpcServerFactory
03:20:11.886 [main] [INFO ] n.d.b.g.s.s.AbstractGrpcServerFactory.configureServices:108 - Registered gRPC service: wallet.WalletService, bean: walletServiceImpl, class: com.exchange.app.wallet.service.WalletServiceImpl
03:20:11.886 [main] [INFO ] n.d.b.g.s.s.AbstractGrpcServerFactory.configureServices:108 - Registered gRPC service: grpc.health.v1.Health, bean: grpcHealthService, class: io.grpc.protobuf.services.HealthServiceImpl
03:20:11.887 [main] [INFO ] n.d.b.g.s.s.AbstractGrpcServerFactory.configureServices:108 - Registered gRPC service: grpc.reflection.v1alpha.ServerReflection, bean: protoReflectionService, class: io.grpc.protobuf.services.ProtoReflectionService
03:20:12.268 [main] [INFO ] n.d.b.g.s.s.GrpcServerLifecycle.createAndStartGrpcServer:116 - gRPC Server started, listening on address: *, port: 9090
03:20:12.275 [main] [INFO ] c.e.app.wallet.processor.SimpleTest.logStarted:61 - Started SimpleTest in 3.76 seconds (JVM running for 4.532)
03:20:12.513 [main] [INFO ] com.zaxxer.hikari.HikariDataSource.getConnection:110 - HikariPool-1 - Starting...
03:20:12.616 [main] [INFO ] com.zaxxer.hikari.HikariDataSource.getConnection:123 - HikariPool-1 - Start completed.
03:20:12.697 [SpringApplicationShutdownHook] [INFO ] n.d.b.g.s.s.GrpcServerLifecycle.stopAndReleaseGrpcServer:160 - Completed gRPC server shutdown
03:20:12.726 [SpringApplicationShutdownHook] [INFO ] com.zaxxer.hikari.HikariDataSource.close:350 - HikariPool-1 - Shutdown initiated...
03:20:12.733 [SpringApplicationShutdownHook] [INFO ] com.zaxxer.hikari.HikariDataSource.close:352 - HikariPool-1 - Shutdown completed.
03:22:35.548 [main] [INFO ] c.e.app.wallet.processor.SimpleTest.logStarting:55 - Starting SimpleTest using Java 11.0.29 on Sunsunsun with PID 27012 (started by Sun in D:\TestProgram\Java\JavaEE\z-exchange\wallet-service)
03:22:35.550 [main] [INFO ] c.e.app.wallet.processor.SimpleTest.logStartupProfileInfo:631 - No active profile set, falling back to 1 default profile: "default"
03:22:36.138 [main] [INFO ] o.s.d.r.c.RepositoryConfigurationDelegate.multipleStoresDetected:262 - Multiple Spring Data modules found, entering strict repository configuration mode
03:22:36.139 [main] [INFO ] o.s.d.r.c.RepositoryConfigurationDelegate.registerRepositoriesIn:132 - Bootstrapping Spring Data Redis repositories in DEFAULT mode.
03:22:36.158 [main] [INFO ] o.s.d.r.c.RepositoryConfigurationDelegate.registerRepositoriesIn:201 - Finished Spring Data repository scanning in 10 ms. Found 0 Redis repository interfaces.
03:22:36.538 [main] [INFO ] n.d.b.g.c.a.GrpcClientAutoConfiguration.shadedNettyGrpcChannelFactory:152 - Detected grpc-netty-shaded: Creating ShadedNettyChannelFactory + InProcessChannelFactory
03:22:38.065 [main] [INFO ] n.d.b.g.s.a.GrpcServerFactoryAutoConfiguration.shadedNettyGrpcServerFactory:74 - Detected grpc-netty-shaded: Creating ShadedNettyGrpcServerFactory
03:22:38.901 [main] [INFO ] n.d.b.g.s.s.AbstractGrpcServerFactory.configureServices:108 - Registered gRPC service: wallet.WalletService, bean: walletServiceImpl, class: com.exchange.app.wallet.service.WalletServiceImpl
03:22:38.902 [main] [INFO ] n.d.b.g.s.s.AbstractGrpcServerFactory.configureServices:108 - Registered gRPC service: grpc.health.v1.Health, bean: grpcHealthService, class: io.grpc.protobuf.services.HealthServiceImpl
03:22:38.902 [main] [INFO ] n.d.b.g.s.s.AbstractGrpcServerFactory.configureServices:108 - Registered gRPC service: grpc.reflection.v1alpha.ServerReflection, bean: protoReflectionService, class: io.grpc.protobuf.services.ProtoReflectionService
03:22:39.294 [main] [INFO ] n.d.b.g.s.s.GrpcServerLifecycle.createAndStartGrpcServer:116 - gRPC Server started, listening on address: *, port: 9090
03:22:39.302 [main] [INFO ] c.e.app.wallet.processor.SimpleTest.logStarted:61 - Started SimpleTest in 4.165 seconds (JVM running for 4.926)
03:22:39.514 [main] [INFO ] com.zaxxer.hikari.HikariDataSource.getConnection:110 - HikariPool-1 - Starting...
03:22:39.624 [main] [INFO ] com.zaxxer.hikari.HikariDataSource.getConnection:123 - HikariPool-1 - Start completed.
03:22:39.693 [SpringApplicationShutdownHook] [INFO ] n.d.b.g.s.s.GrpcServerLifecycle.stopAndReleaseGrpcServer:160 - Completed gRPC server shutdown
03:22:39.707 [SpringApplicationShutdownHook] [INFO ] com.zaxxer.hikari.HikariDataSource.close:350 - HikariPool-1 - Shutdown initiated...
03:22:39.711 [SpringApplicationShutdownHook] [INFO ] com.zaxxer.hikari.HikariDataSource.close:352 - HikariPool-1 - Shutdown completed.
03:24:13.588 [main] [INFO ] c.e.app.wallet.processor.SimpleTest.logStarting:55 - Starting SimpleTest using Java 11.0.29 on Sunsunsun with PID 24368 (started by Sun in D:\TestProgram\Java\JavaEE\z-exchange\wallet-service)
03:24:13.589 [main] [INFO ] c.e.app.wallet.processor.SimpleTest.logStartupProfileInfo:631 - No active profile set, falling back to 1 default profile: "default"
03:24:14.160 [main] [INFO ] o.s.d.r.c.RepositoryConfigurationDelegate.multipleStoresDetected:262 - Multiple Spring Data modules found, entering strict repository configuration mode
03:24:14.163 [main] [INFO ] o.s.d.r.c.RepositoryConfigurationDelegate.registerRepositoriesIn:132 - Bootstrapping Spring Data Redis repositories in DEFAULT mode.
03:24:14.181 [main] [INFO ] o.s.d.r.c.RepositoryConfigurationDelegate.registerRepositoriesIn:201 - Finished Spring Data repository scanning in 9 ms. Found 0 Redis repository interfaces.
03:24:14.596 [main] [INFO ] n.d.b.g.c.a.GrpcClientAutoConfiguration.shadedNettyGrpcChannelFactory:152 - Detected grpc-netty-shaded: Creating ShadedNettyChannelFactory + InProcessChannelFactory
03:24:16.045 [main] [INFO ] n.d.b.g.s.a.GrpcServerFactoryAutoConfiguration.shadedNettyGrpcServerFactory:74 - Detected grpc-netty-shaded: Creating ShadedNettyGrpcServerFactory
03:24:16.823 [main] [INFO ] n.d.b.g.s.s.AbstractGrpcServerFactory.configureServices:108 - Registered gRPC service: wallet.WalletService, bean: walletServiceImpl, class: com.exchange.app.wallet.service.WalletServiceImpl
03:24:16.824 [main] [INFO ] n.d.b.g.s.s.AbstractGrpcServerFactory.configureServices:108 - Registered gRPC service: grpc.health.v1.Health, bean: grpcHealthService, class: io.grpc.protobuf.services.HealthServiceImpl
03:24:16.824 [main] [INFO ] n.d.b.g.s.s.AbstractGrpcServerFactory.configureServices:108 - Registered gRPC service: grpc.reflection.v1alpha.ServerReflection, bean: protoReflectionService, class: io.grpc.protobuf.services.ProtoReflectionService
03:24:17.257 [main] [INFO ] n.d.b.g.s.s.GrpcServerLifecycle.createAndStartGrpcServer:116 - gRPC Server started, listening on address: *, port: 9090
03:24:17.268 [main] [INFO ] c.e.app.wallet.processor.SimpleTest.logStarted:61 - Started SimpleTest in 4.027 seconds (JVM running for 4.768)
03:24:17.494 [main] [INFO ] com.zaxxer.hikari.HikariDataSource.getConnection:110 - HikariPool-1 - Starting...
03:24:17.595 [main] [INFO ] com.zaxxer.hikari.HikariDataSource.getConnection:123 - HikariPool-1 - Start completed.
03:24:17.666 [SpringApplicationShutdownHook] [INFO ] n.d.b.g.s.s.GrpcServerLifecycle.stopAndReleaseGrpcServer:160 - Completed gRPC server shutdown
03:24:17.701 [SpringApplicationShutdownHook] [INFO ] com.zaxxer.hikari.HikariDataSource.close:350 - HikariPool-1 - Shutdown initiated...
03:24:17.707 [SpringApplicationShutdownHook] [INFO ] com.zaxxer.hikari.HikariDataSource.close:352 - HikariPool-1 - Shutdown completed.
03:27:31.991 [main] [INFO ] c.e.app.wallet.processor.SimpleTest.logStarting:55 - Starting SimpleTest using Java 11.0.29 on Sunsunsun with PID 24624 (started by Sun in D:\TestProgram\Java\JavaEE\z-exchange\wallet-service)
03:27:31.992 [main] [INFO ] c.e.app.wallet.processor.SimpleTest.logStartupProfileInfo:631 - No active profile set, falling back to 1 default profile: "default"
03:27:32.579 [main] [INFO ] o.s.d.r.c.RepositoryConfigurationDelegate.multipleStoresDetected:262 - Multiple Spring Data modules found, entering strict repository configuration mode
03:27:32.581 [main] [INFO ] o.s.d.r.c.RepositoryConfigurationDelegate.registerRepositoriesIn:132 - Bootstrapping Spring Data Redis repositories in DEFAULT mode.
03:27:32.600 [main] [INFO ] o.s.d.r.c.RepositoryConfigurationDelegate.registerRepositoriesIn:201 - Finished Spring Data repository scanning in 9 ms. Found 0 Redis repository interfaces.
03:27:32.974 [main] [INFO ] n.d.b.g.c.a.GrpcClientAutoConfiguration.shadedNettyGrpcChannelFactory:152 - Detected grpc-netty-shaded: Creating ShadedNettyChannelFactory + InProcessChannelFactory
03:27:34.300 [main] [INFO ] n.d.b.g.s.a.GrpcServerFactoryAutoConfiguration.shadedNettyGrpcServerFactory:74 - Detected grpc-netty-shaded: Creating ShadedNettyGrpcServerFactory
03:27:35.143 [main] [INFO ] n.d.b.g.s.s.AbstractGrpcServerFactory.configureServices:108 - Registered gRPC service: wallet.WalletService, bean: walletServiceImpl, class: com.exchange.app.wallet.service.WalletServiceImpl
03:27:35.143 [main] [INFO ] n.d.b.g.s.s.AbstractGrpcServerFactory.configureServices:108 - Registered gRPC service: grpc.health.v1.Health, bean: grpcHealthService, class: io.grpc.protobuf.services.HealthServiceImpl
03:27:35.144 [main] [INFO ] n.d.b.g.s.s.AbstractGrpcServerFactory.configureServices:108 - Registered gRPC service: grpc.reflection.v1alpha.ServerReflection, bean: protoReflectionService, class: io.grpc.protobuf.services.ProtoReflectionService
03:27:35.568 [main] [INFO ] n.d.b.g.s.s.GrpcServerLifecycle.createAndStartGrpcServer:116 - gRPC Server started, listening on address: *, port: 9090
03:27:35.576 [main] [INFO ] c.e.app.wallet.processor.SimpleTest.logStarted:61 - Started SimpleTest in 3.956 seconds (JVM running for 4.697)
03:27:35.796 [main] [INFO ] com.zaxxer.hikari.HikariDataSource.getConnection:110 - HikariPool-1 - Starting...
03:27:35.894 [main] [INFO ] com.zaxxer.hikari.HikariDataSource.getConnection:123 - HikariPool-1 - Start completed.
03:27:35.959 [SpringApplicationShutdownHook] [INFO ] n.d.b.g.s.s.GrpcServerLifecycle.stopAndReleaseGrpcServer:160 - Completed gRPC server shutdown
03:27:35.974 [SpringApplicationShutdownHook] [INFO ] com.zaxxer.hikari.HikariDataSource.close:350 - HikariPool-1 - Shutdown initiated...
03:27:35.980 [SpringApplicationShutdownHook] [INFO ] com.zaxxer.hikari.HikariDataSource.close:352 - HikariPool-1 - Shutdown completed.
03:30:00.305 [main] [INFO ] c.e.app.wallet.processor.SimpleTest.logStarting:55 - Starting SimpleTest using Java 11.0.29 on Sunsunsun with PID 11856 (started by Sun in D:\TestProgram\Java\JavaEE\z-exchange\wallet-service)
03:30:00.307 [main] [INFO ] c.e.app.wallet.processor.SimpleTest.logStartupProfileInfo:631 - No active profile set, falling back to 1 default profile: "default"
03:30:00.868 [main] [INFO ] o.s.d.r.c.RepositoryConfigurationDelegate.multipleStoresDetected:262 - Multiple Spring Data modules found, entering strict repository configuration mode
03:30:00.870 [main] [INFO ] o.s.d.r.c.RepositoryConfigurationDelegate.registerRepositoriesIn:132 - Bootstrapping Spring Data Redis repositories in DEFAULT mode.
03:30:00.889 [main] [INFO ] o.s.d.r.c.RepositoryConfigurationDelegate.registerRepositoriesIn:201 - Finished Spring Data repository scanning in 10 ms. Found 0 Redis repository interfaces.
03:30:01.279 [main] [INFO ] n.d.b.g.c.a.GrpcClientAutoConfiguration.shadedNettyGrpcChannelFactory:152 - Detected grpc-netty-shaded: Creating ShadedNettyChannelFactory + InProcessChannelFactory
03:30:02.760 [main] [INFO ] n.d.b.g.s.a.GrpcServerFactoryAutoConfiguration.shadedNettyGrpcServerFactory:74 - Detected grpc-netty-shaded: Creating ShadedNettyGrpcServerFactory
03:30:03.574 [main] [INFO ] n.d.b.g.s.s.AbstractGrpcServerFactory.configureServices:108 - Registered gRPC service: wallet.WalletService, bean: walletServiceImpl, class: com.exchange.app.wallet.service.WalletServiceImpl
03:30:03.575 [main] [INFO ] n.d.b.g.s.s.AbstractGrpcServerFactory.configureServices:108 - Registered gRPC service: grpc.health.v1.Health, bean: grpcHealthService, class: io.grpc.protobuf.services.HealthServiceImpl
03:30:03.577 [main] [INFO ] n.d.b.g.s.s.AbstractGrpcServerFactory.configureServices:108 - Registered gRPC service: grpc.reflection.v1alpha.ServerReflection, bean: protoReflectionService, class: io.grpc.protobuf.services.ProtoReflectionService
03:30:03.976 [main] [INFO ] n.d.b.g.s.s.GrpcServerLifecycle.createAndStartGrpcServer:116 - gRPC Server started, listening on address: *, port: 9090
03:30:03.983 [main] [INFO ] c.e.app.wallet.processor.SimpleTest.logStarted:61 - Started SimpleTest in 4.075 seconds (JVM running for 4.824)
03:30:04.182 [main] [INFO ] com.zaxxer.hikari.HikariDataSource.getConnection:110 - HikariPool-1 - Starting...
03:30:04.278 [main] [INFO ] com.zaxxer.hikari.HikariDataSource.getConnection:123 - HikariPool-1 - Start completed.
03:30:04.363 [SpringApplicationShutdownHook] [INFO ] n.d.b.g.s.s.GrpcServerLifecycle.stopAndReleaseGrpcServer:160 - Completed gRPC server shutdown
03:30:04.381 [SpringApplicationShutdownHook] [INFO ] com.zaxxer.hikari.HikariDataSource.close:350 - HikariPool-1 - Shutdown initiated...
03:30:04.387 [SpringApplicationShutdownHook] [INFO ] com.zaxxer.hikari.HikariDataSource.close:352 - HikariPool-1 - Shutdown completed.
03:30:28.846 [main] [INFO ] c.e.app.wallet.processor.SimpleTest.logStarting:55 - Starting SimpleTest using Java 11.0.29 on Sunsunsun with PID 21684 (started by Sun in D:\TestProgram\Java\JavaEE\z-exchange\wallet-service)
03:30:28.847 [main] [INFO ] c.e.app.wallet.processor.SimpleTest.logStartupProfileInfo:631 - No active profile set, falling back to 1 default profile: "default"
03:30:29.399 [main] [INFO ] o.s.d.r.c.RepositoryConfigurationDelegate.multipleStoresDetected:262 - Multiple Spring Data modules found, entering strict repository configuration mode
03:30:29.401 [main] [INFO ] o.s.d.r.c.RepositoryConfigurationDelegate.registerRepositoriesIn:132 - Bootstrapping Spring Data Redis repositories in DEFAULT mode.
03:30:29.417 [main] [INFO ] o.s.d.r.c.RepositoryConfigurationDelegate.registerRepositoriesIn:201 - Finished Spring Data repository scanning in 9 ms. Found 0 Redis repository interfaces.
03:30:29.804 [main] [INFO ] n.d.b.g.c.a.GrpcClientAutoConfiguration.shadedNettyGrpcChannelFactory:152 - Detected grpc-netty-shaded: Creating ShadedNettyChannelFactory + InProcessChannelFactory
03:30:31.326 [main] [INFO ] n.d.b.g.s.a.GrpcServerFactoryAutoConfiguration.shadedNettyGrpcServerFactory:74 - Detected grpc-netty-shaded: Creating ShadedNettyGrpcServerFactory
03:30:32.171 [main] [INFO ] n.d.b.g.s.s.AbstractGrpcServerFactory.configureServices:108 - Registered gRPC service: wallet.WalletService, bean: walletServiceImpl, class: com.exchange.app.wallet.service.WalletServiceImpl
03:30:32.172 [main] [INFO ] n.d.b.g.s.s.AbstractGrpcServerFactory.configureServices:108 - Registered gRPC service: grpc.health.v1.Health, bean: grpcHealthService, class: io.grpc.protobuf.services.HealthServiceImpl
03:30:32.172 [main] [INFO ] n.d.b.g.s.s.AbstractGrpcServerFactory.configureServices:108 - Registered gRPC service: grpc.reflection.v1alpha.ServerReflection, bean: protoReflectionService, class: io.grpc.protobuf.services.ProtoReflectionService
03:30:32.545 [main] [INFO ] n.d.b.g.s.s.GrpcServerLifecycle.createAndStartGrpcServer:116 - gRPC Server started, listening on address: *, port: 9090
03:30:32.553 [main] [INFO ] c.e.app.wallet.processor.SimpleTest.logStarted:61 - Started SimpleTest in 4.117 seconds (JVM running for 4.865)
03:30:32.754 [main] [INFO ] com.zaxxer.hikari.HikariDataSource.getConnection:110 - HikariPool-1 - Starting...
03:30:32.873 [main] [INFO ] com.zaxxer.hikari.HikariDataSource.getConnection:123 - HikariPool-1 - Start completed.
03:30:32.944 [SpringApplicationShutdownHook] [INFO ] n.d.b.g.s.s.GrpcServerLifecycle.stopAndReleaseGrpcServer:160 - Completed gRPC server shutdown
03:30:32.962 [SpringApplicationShutdownHook] [INFO ] com.zaxxer.hikari.HikariDataSource.close:350 - HikariPool-1 - Shutdown initiated...
03:30:32.967 [SpringApplicationShutdownHook] [INFO ] com.zaxxer.hikari.HikariDataSource.close:352 - HikariPool-1 - Shutdown completed.
03:31:22.198 [main] [INFO ] c.e.app.wallet.processor.SimpleTest.logStarting:55 - Starting SimpleTest using Java 11.0.29 on Sunsunsun with PID 22108 (started by Sun in D:\TestProgram\Java\JavaEE\z-exchange\wallet-service)
03:31:22.199 [main] [INFO ] c.e.app.wallet.processor.SimpleTest.logStartupProfileInfo:631 - No active profile set, falling back to 1 default profile: "default"
03:31:22.762 [main] [INFO ] o.s.d.r.c.RepositoryConfigurationDelegate.multipleStoresDetected:262 - Multiple Spring Data modules found, entering strict repository configuration mode
03:31:22.764 [main] [INFO ] o.s.d.r.c.RepositoryConfigurationDelegate.registerRepositoriesIn:132 - Bootstrapping Spring Data Redis repositories in DEFAULT mode.
03:31:22.782 [main] [INFO ] o.s.d.r.c.RepositoryConfigurationDelegate.registerRepositoriesIn:201 - Finished Spring Data repository scanning in 9 ms. Found 0 Redis repository interfaces.
03:31:23.177 [main] [INFO ] n.d.b.g.c.a.GrpcClientAutoConfiguration.shadedNettyGrpcChannelFactory:152 - Detected grpc-netty-shaded: Creating ShadedNettyChannelFactory + InProcessChannelFactory
03:31:24.717 [main] [INFO ] n.d.b.g.s.a.GrpcServerFactoryAutoConfiguration.shadedNettyGrpcServerFactory:74 - Detected grpc-netty-shaded: Creating ShadedNettyGrpcServerFactory
03:31:25.573 [main] [INFO ] n.d.b.g.s.s.AbstractGrpcServerFactory.configureServices:108 - Registered gRPC service: wallet.WalletService, bean: walletServiceImpl, class: com.exchange.app.wallet.service.WalletServiceImpl
03:31:25.574 [main] [INFO ] n.d.b.g.s.s.AbstractGrpcServerFactory.configureServices:108 - Registered gRPC service: grpc.health.v1.Health, bean: grpcHealthService, class: io.grpc.protobuf.services.HealthServiceImpl
03:31:25.574 [main] [INFO ] n.d.b.g.s.s.AbstractGrpcServerFactory.configureServices:108 - Registered gRPC service: grpc.reflection.v1alpha.ServerReflection, bean: protoReflectionService, class: io.grpc.protobuf.services.ProtoReflectionService
03:31:25.964 [main] [INFO ] n.d.b.g.s.s.GrpcServerLifecycle.createAndStartGrpcServer:116 - gRPC Server started, listening on address: *, port: 9090
03:31:25.972 [main] [INFO ] c.e.app.wallet.processor.SimpleTest.logStarted:61 - Started SimpleTest in 4.17 seconds (JVM running for 4.93)
03:31:26.176 [main] [INFO ] com.zaxxer.hikari.HikariDataSource.getConnection:110 - HikariPool-1 - Starting...
03:31:26.291 [main] [INFO ] com.zaxxer.hikari.HikariDataSource.getConnection:123 - HikariPool-1 - Start completed.
03:31:26.362 [SpringApplicationShutdownHook] [INFO ] n.d.b.g.s.s.GrpcServerLifecycle.stopAndReleaseGrpcServer:160 - Completed gRPC server shutdown
03:31:26.380 [SpringApplicationShutdownHook] [INFO ] com.zaxxer.hikari.HikariDataSource.close:350 - HikariPool-1 - Shutdown initiated...
03:31:26.386 [SpringApplicationShutdownHook] [INFO ] com.zaxxer.hikari.HikariDataSource.close:352 - HikariPool-1 - Shutdown completed.
03:31:51.097 [main] [INFO ] c.e.app.wallet.processor.SimpleTest.logStarting:55 - Starting SimpleTest using Java 11.0.29 on Sunsunsun with PID 12200 (started by Sun in D:\TestProgram\Java\JavaEE\z-exchange\wallet-service)
03:31:51.098 [main] [INFO ] c.e.app.wallet.processor.SimpleTest.logStartupProfileInfo:631 - No active profile set, falling back to 1 default profile: "default"
03:31:51.647 [main] [INFO ] o.s.d.r.c.RepositoryConfigurationDelegate.multipleStoresDetected:262 - Multiple Spring Data modules found, entering strict repository configuration mode
03:31:51.650 [main] [INFO ] o.s.d.r.c.RepositoryConfigurationDelegate.registerRepositoriesIn:132 - Bootstrapping Spring Data Redis repositories in DEFAULT mode.
03:31:51.674 [main] [INFO ] o.s.d.r.c.RepositoryConfigurationDelegate.registerRepositoriesIn:201 - Finished Spring Data repository scanning in 13 ms. Found 0 Redis repository interfaces.
03:31:52.084 [main] [INFO ] n.d.b.g.c.a.GrpcClientAutoConfiguration.shadedNettyGrpcChannelFactory:152 - Detected grpc-netty-shaded: Creating ShadedNettyChannelFactory + InProcessChannelFactory
03:31:54.462 [main] [INFO ] n.d.b.g.s.a.GrpcServerFactoryAutoConfiguration.shadedNettyGrpcServerFactory:74 - Detected grpc-netty-shaded: Creating ShadedNettyGrpcServerFactory
03:31:55.253 [main] [INFO ] n.d.b.g.s.s.AbstractGrpcServerFactory.configureServices:108 - Registered gRPC service: wallet.WalletService, bean: walletServiceImpl, class: com.exchange.app.wallet.service.WalletServiceImpl
03:31:55.254 [main] [INFO ] n.d.b.g.s.s.AbstractGrpcServerFactory.configureServices:108 - Registered gRPC service: grpc.health.v1.Health, bean: grpcHealthService, class: io.grpc.protobuf.services.HealthServiceImpl
03:31:55.254 [main] [INFO ] n.d.b.g.s.s.AbstractGrpcServerFactory.configureServices:108 - Registered gRPC service: grpc.reflection.v1alpha.ServerReflection, bean: protoReflectionService, class: io.grpc.protobuf.services.ProtoReflectionService
03:31:55.691 [main] [INFO ] n.d.b.g.s.s.GrpcServerLifecycle.createAndStartGrpcServer:116 - gRPC Server started, listening on address: *, port: 9090
03:31:55.700 [main] [INFO ] c.e.app.wallet.processor.SimpleTest.logStarted:61 - Started SimpleTest in 4.913 seconds (JVM running for 5.873)
03:31:55.940 [main] [INFO ] com.zaxxer.hikari.HikariDataSource.getConnection:110 - HikariPool-1 - Starting...
03:31:56.047 [main] [INFO ] com.zaxxer.hikari.HikariDataSource.getConnection:123 - HikariPool-1 - Start completed.
03:31:56.121 [SpringApplicationShutdownHook] [INFO ] n.d.b.g.s.s.GrpcServerLifecycle.stopAndReleaseGrpcServer:160 - Completed gRPC server shutdown
03:31:56.139 [SpringApplicationShutdownHook] [INFO ] com.zaxxer.hikari.HikariDataSource.close:350 - HikariPool-1 - Shutdown initiated...
03:31:56.148 [SpringApplicationShutdownHook] [INFO ] com.zaxxer.hikari.HikariDataSource.close:352 - HikariPool-1 - Shutdown completed.
03:32:43.088 [main] [INFO ] c.e.app.wallet.processor.SimpleTest.logStarting:55 - Starting SimpleTest using Java 11.0.29 on Sunsunsun with PID 20776 (started by Sun in D:\TestProgram\Java\JavaEE\z-exchange\wallet-service)
03:32:43.090 [main] [INFO ] c.e.app.wallet.processor.SimpleTest.logStartupProfileInfo:631 - No active profile set, falling back to 1 default profile: "default"
03:32:43.643 [main] [INFO ] o.s.d.r.c.RepositoryConfigurationDelegate.multipleStoresDetected:262 - Multiple Spring Data modules found, entering strict repository configuration mode
03:32:43.645 [main] [INFO ] o.s.d.r.c.RepositoryConfigurationDelegate.registerRepositoriesIn:132 - Bootstrapping Spring Data Redis repositories in DEFAULT mode.
03:32:43.663 [main] [INFO ] o.s.d.r.c.RepositoryConfigurationDelegate.registerRepositoriesIn:201 - Finished Spring Data repository scanning in 10 ms. Found 0 Redis repository interfaces.
03:32:44.046 [main] [INFO ] n.d.b.g.c.a.GrpcClientAutoConfiguration.shadedNettyGrpcChannelFactory:152 - Detected grpc-netty-shaded: Creating ShadedNettyChannelFactory + InProcessChannelFactory
03:32:45.546 [main] [INFO ] n.d.b.g.s.a.GrpcServerFactoryAutoConfiguration.shadedNettyGrpcServerFactory:74 - Detected grpc-netty-shaded: Creating ShadedNettyGrpcServerFactory
03:32:46.304 [main] [INFO ] n.d.b.g.s.s.AbstractGrpcServerFactory.configureServices:108 - Registered gRPC service: wallet.WalletService, bean: walletServiceImpl, class: com.exchange.app.wallet.service.WalletServiceImpl
03:32:46.305 [main] [INFO ] n.d.b.g.s.s.AbstractGrpcServerFactory.configureServices:108 - Registered gRPC service: grpc.health.v1.Health, bean: grpcHealthService, class: io.grpc.protobuf.services.HealthServiceImpl
03:32:46.306 [main] [INFO ] n.d.b.g.s.s.AbstractGrpcServerFactory.configureServices:108 - Registered gRPC service: grpc.reflection.v1alpha.ServerReflection, bean: protoReflectionService, class: io.grpc.protobuf.services.ProtoReflectionService
03:32:46.724 [main] [INFO ] n.d.b.g.s.s.GrpcServerLifecycle.createAndStartGrpcServer:116 - gRPC Server started, listening on address: *, port: 9090
03:32:46.732 [main] [INFO ] c.e.app.wallet.processor.SimpleTest.logStarted:61 - Started SimpleTest in 4.042 seconds (JVM running for 4.874)
03:32:46.950 [main] [INFO ] com.zaxxer.hikari.HikariDataSource.getConnection:110 - HikariPool-1 - Starting...
03:32:47.056 [main] [INFO ] com.zaxxer.hikari.HikariDataSource.getConnection:123 - HikariPool-1 - Start completed.
03:32:47.132 [SpringApplicationShutdownHook] [INFO ] n.d.b.g.s.s.GrpcServerLifecycle.stopAndReleaseGrpcServer:160 - Completed gRPC server shutdown
03:32:47.154 [SpringApplicationShutdownHook] [INFO ] com.zaxxer.hikari.HikariDataSource.close:350 - HikariPool-1 - Shutdown initiated...
03:32:47.161 [SpringApplicationShutdownHook] [INFO ] com.zaxxer.hikari.HikariDataSource.close:352 - HikariPool-1 - Shutdown completed.
03:35:28.222 [main] [INFO ] c.e.app.wallet.processor.SimpleTest.logStarting:55 - Starting SimpleTest using Java 11.0.29 on Sunsunsun with PID 11960 (started by Sun in D:\TestProgram\Java\JavaEE\z-exchange\wallet-service)
03:35:28.224 [main] [INFO ] c.e.app.wallet.processor.SimpleTest.logStartupProfileInfo:631 - No active profile set, falling back to 1 default profile: "default"
03:35:28.812 [main] [INFO ] o.s.d.r.c.RepositoryConfigurationDelegate.multipleStoresDetected:262 - Multiple Spring Data modules found, entering strict repository configuration mode
03:35:28.814 [main] [INFO ] o.s.d.r.c.RepositoryConfigurationDelegate.registerRepositoriesIn:132 - Bootstrapping Spring Data Redis repositories in DEFAULT mode.
03:35:28.834 [main] [INFO ] o.s.d.r.c.RepositoryConfigurationDelegate.registerRepositoriesIn:201 - Finished Spring Data repository scanning in 10 ms. Found 0 Redis repository interfaces.
03:35:29.247 [main] [INFO ] n.d.b.g.c.a.GrpcClientAutoConfiguration.shadedNettyGrpcChannelFactory:152 - Detected grpc-netty-shaded: Creating ShadedNettyChannelFactory + InProcessChannelFactory
03:35:31.646 [main] [INFO ] n.d.b.g.s.a.GrpcServerFactoryAutoConfiguration.shadedNettyGrpcServerFactory:74 - Detected grpc-netty-shaded: Creating ShadedNettyGrpcServerFactory
03:35:32.361 [main] [INFO ] n.d.b.g.s.s.AbstractGrpcServerFactory.configureServices:108 - Registered gRPC service: wallet.WalletService, bean: walletServiceImpl, class: com.exchange.app.wallet.service.WalletServiceImpl
03:35:32.362 [main] [INFO ] n.d.b.g.s.s.AbstractGrpcServerFactory.configureServices:108 - Registered gRPC service: grpc.health.v1.Health, bean: grpcHealthService, class: io.grpc.protobuf.services.HealthServiceImpl
03:35:32.362 [main] [INFO ] n.d.b.g.s.s.AbstractGrpcServerFactory.configureServices:108 - Registered gRPC service: grpc.reflection.v1alpha.ServerReflection, bean: protoReflectionService, class: io.grpc.protobuf.services.ProtoReflectionService
03:35:32.779 [main] [INFO ] n.d.b.g.s.s.GrpcServerLifecycle.createAndStartGrpcServer:116 - gRPC Server started, listening on address: *, port: 9090
03:35:32.788 [main] [INFO ] c.e.app.wallet.processor.SimpleTest.logStarted:61 - Started SimpleTest in 4.93 seconds (JVM running for 5.666)
03:35:59.646 [SpringApplicationShutdownHook] [INFO ] n.d.b.g.s.s.GrpcServerLifecycle.stopAndReleaseGrpcServer:160 - Completed gRPC server shutdown
03:40:04.791 [main] [INFO ] c.e.app.wallet.processor.SimpleTest.logStarting:55 - Starting SimpleTest using Java 11.0.29 on Sunsunsun with PID 9956 (started by Sun in D:\TestProgram\Java\JavaEE\z-exchange\wallet-service)
03:40:04.793 [main] [INFO ] c.e.app.wallet.processor.SimpleTest.logStartupProfileInfo:631 - No active profile set, falling back to 1 default profile: "default"
03:40:05.369 [main] [INFO ] o.s.d.r.c.RepositoryConfigurationDelegate.multipleStoresDetected:262 - Multiple Spring Data modules found, entering strict repository configuration mode
03:40:05.371 [main] [INFO ] o.s.d.r.c.RepositoryConfigurationDelegate.registerRepositoriesIn:132 - Bootstrapping Spring Data Redis repositories in DEFAULT mode.
03:40:05.392 [main] [INFO ] o.s.d.r.c.RepositoryConfigurationDelegate.registerRepositoriesIn:201 - Finished Spring Data repository scanning in 9 ms. Found 0 Redis repository interfaces.
03:40:05.823 [main] [INFO ] n.d.b.g.c.a.GrpcClientAutoConfiguration.shadedNettyGrpcChannelFactory:152 - Detected grpc-netty-shaded: Creating ShadedNettyChannelFactory + InProcessChannelFactory
03:40:07.464 [main] [INFO ] n.d.b.g.s.a.GrpcServerFactoryAutoConfiguration.shadedNettyGrpcServerFactory:74 - Detected grpc-netty-shaded: Creating ShadedNettyGrpcServerFactory
03:40:08.291 [main] [INFO ] n.d.b.g.s.s.AbstractGrpcServerFactory.configureServices:108 - Registered gRPC service: wallet.WalletService, bean: walletServiceImpl, class: com.exchange.app.wallet.service.WalletServiceImpl
03:40:08.291 [main] [INFO ] n.d.b.g.s.s.AbstractGrpcServerFactory.configureServices:108 - Registered gRPC service: grpc.health.v1.Health, bean: grpcHealthService, class: io.grpc.protobuf.services.HealthServiceImpl
03:40:08.292 [main] [INFO ] n.d.b.g.s.s.AbstractGrpcServerFactory.configureServices:108 - Registered gRPC service: grpc.reflection.v1alpha.ServerReflection, bean: protoReflectionService, class: io.grpc.protobuf.services.ProtoReflectionService
03:40:08.655 [main] [INFO ] n.d.b.g.s.s.GrpcServerLifecycle.createAndStartGrpcServer:116 - gRPC Server started, listening on address: *, port: 9090
03:40:08.662 [main] [INFO ] c.e.app.wallet.processor.SimpleTest.logStarted:61 - Started SimpleTest in 4.296 seconds (JVM running for 5.056)
03:40:08.899 [main] [INFO ] com.zaxxer.hikari.HikariDataSource.getConnection:110 - HikariPool-1 - Starting...
03:40:08.998 [main] [INFO ] com.zaxxer.hikari.HikariDataSource.getConnection:123 - HikariPool-1 - Start completed.
03:40:09.205 [SpringApplicationShutdownHook] [INFO ] n.d.b.g.s.s.GrpcServerLifecycle.stopAndReleaseGrpcServer:160 - Completed gRPC server shutdown
03:40:09.221 [SpringApplicationShutdownHook] [INFO ] com.zaxxer.hikari.HikariDataSource.close:350 - HikariPool-1 - Shutdown initiated...
03:40:09.230 [SpringApplicationShutdownHook] [INFO ] com.zaxxer.hikari.HikariDataSource.close:352 - HikariPool-1 - Shutdown completed.
03:41:42.220 [main] [INFO ] c.e.app.wallet.processor.SimpleTest.logStarting:55 - Starting SimpleTest using Java 11.0.29 on Sunsunsun with PID 18756 (started by Sun in D:\TestProgram\Java\JavaEE\z-exchange\wallet-service)
03:41:42.222 [main] [INFO ] c.e.app.wallet.processor.SimpleTest.logStartupProfileInfo:631 - No active profile set, falling back to 1 default profile: "default"
03:41:42.772 [main] [INFO ] o.s.d.r.c.RepositoryConfigurationDelegate.multipleStoresDetected:262 - Multiple Spring Data modules found, entering strict repository configuration mode
03:41:42.774 [main] [INFO ] o.s.d.r.c.RepositoryConfigurationDelegate.registerRepositoriesIn:132 - Bootstrapping Spring Data Redis repositories in DEFAULT mode.
03:41:42.792 [main] [INFO ] o.s.d.r.c.RepositoryConfigurationDelegate.registerRepositoriesIn:201 - Finished Spring Data repository scanning in 9 ms. Found 0 Redis repository interfaces.
03:41:43.208 [main] [INFO ] n.d.b.g.c.a.GrpcClientAutoConfiguration.shadedNettyGrpcChannelFactory:152 - Detected grpc-netty-shaded: Creating ShadedNettyChannelFactory + InProcessChannelFactory
03:41:45.394 [main] [INFO ] n.d.b.g.s.a.GrpcServerFactoryAutoConfiguration.shadedNettyGrpcServerFactory:74 - Detected grpc-netty-shaded: Creating ShadedNettyGrpcServerFactory
03:41:46.170 [main] [INFO ] n.d.b.g.s.s.AbstractGrpcServerFactory.configureServices:108 - Registered gRPC service: wallet.WalletService, bean: walletServiceImpl, class: com.exchange.app.wallet.service.WalletServiceImpl
03:41:46.170 [main] [INFO ] n.d.b.g.s.s.AbstractGrpcServerFactory.configureServices:108 - Registered gRPC service: grpc.health.v1.Health, bean: grpcHealthService, class: io.grpc.protobuf.services.HealthServiceImpl
03:41:46.171 [main] [INFO ] n.d.b.g.s.s.AbstractGrpcServerFactory.configureServices:108 - Registered gRPC service: grpc.reflection.v1alpha.ServerReflection, bean: protoReflectionService, class: io.grpc.protobuf.services.ProtoReflectionService
03:41:46.579 [main] [INFO ] n.d.b.g.s.s.GrpcServerLifecycle.createAndStartGrpcServer:116 - gRPC Server started, listening on address: *, port: 9090
03:41:46.588 [main] [INFO ] c.e.app.wallet.processor.SimpleTest.logStarted:61 - Started SimpleTest in 4.752 seconds (JVM running for 5.553)
03:41:46.835 [main] [INFO ] com.zaxxer.hikari.HikariDataSource.getConnection:110 - HikariPool-1 - Starting...
03:41:46.939 [main] [INFO ] com.zaxxer.hikari.HikariDataSource.getConnection:123 - HikariPool-1 - Start completed.
03:46:50.612 [HikariPool-1 housekeeper] [WARN ] com.zaxxer.hikari.pool.HikariPool.run:788 - HikariPool-1 - Thread starvation or clock leap detected (housekeeper delta=5m3s566ms948µs).
03:46:50.628 [SpringApplicationShutdownHook] [INFO ] n.d.b.g.s.s.GrpcServerLifecycle.stopAndReleaseGrpcServer:160 - Completed gRPC server shutdown
03:46:50.644 [SpringApplicationShutdownHook] [INFO ] com.zaxxer.hikari.HikariDataSource.close:350 - HikariPool-1 - Shutdown initiated...
03:46:50.657 [SpringApplicationShutdownHook] [INFO ] com.zaxxer.hikari.HikariDataSource.close:352 - HikariPool-1 - Shutdown completed.
03:46:55.479 [main] [INFO ] c.e.app.wallet.processor.SimpleTest.logStarting:55 - Starting SimpleTest using Java 11.0.29 on Sunsunsun with PID 25772 (started by Sun in D:\TestProgram\Java\JavaEE\z-exchange\wallet-service)
03:46:55.480 [main] [INFO ] c.e.app.wallet.processor.SimpleTest.logStartupProfileInfo:631 - No active profile set, falling back to 1 default profile: "default"
03:46:56.054 [main] [INFO ] o.s.d.r.c.RepositoryConfigurationDelegate.multipleStoresDetected:262 - Multiple Spring Data modules found, entering strict repository configuration mode
03:46:56.056 [main] [INFO ] o.s.d.r.c.RepositoryConfigurationDelegate.registerRepositoriesIn:132 - Bootstrapping Spring Data Redis repositories in DEFAULT mode.
03:46:56.075 [main] [INFO ] o.s.d.r.c.RepositoryConfigurationDelegate.registerRepositoriesIn:201 - Finished Spring Data repository scanning in 10 ms. Found 0 Redis repository interfaces.
03:46:56.456 [main] [INFO ] n.d.b.g.c.a.GrpcClientAutoConfiguration.shadedNettyGrpcChannelFactory:152 - Detected grpc-netty-shaded: Creating ShadedNettyChannelFactory + InProcessChannelFactory
03:46:57.907 [main] [INFO ] n.d.b.g.s.a.GrpcServerFactoryAutoConfiguration.shadedNettyGrpcServerFactory:74 - Detected grpc-netty-shaded: Creating ShadedNettyGrpcServerFactory
03:46:58.817 [main] [INFO ] n.d.b.g.s.s.AbstractGrpcServerFactory.configureServices:108 - Registered gRPC service: wallet.WalletService, bean: walletServiceImpl, class: com.exchange.app.wallet.service.WalletServiceImpl
03:46:58.817 [main] [INFO ] n.d.b.g.s.s.AbstractGrpcServerFactory.configureServices:108 - Registered gRPC service: grpc.health.v1.Health, bean: grpcHealthService, class: io.grpc.protobuf.services.HealthServiceImpl
03:46:58.818 [main] [INFO ] n.d.b.g.s.s.AbstractGrpcServerFactory.configureServices:108 - Registered gRPC service: grpc.reflection.v1alpha.ServerReflection, bean: protoReflectionService, class: io.grpc.protobuf.services.ProtoReflectionService
03:46:59.209 [main] [INFO ] n.d.b.g.s.s.GrpcServerLifecycle.createAndStartGrpcServer:116 - gRPC Server started, listening on address: *, port: 9090
03:46:59.217 [main] [INFO ] c.e.app.wallet.processor.SimpleTest.logStarted:61 - Started SimpleTest in 4.113 seconds (JVM running for 4.916)
03:46:59.432 [main] [INFO ] com.zaxxer.hikari.HikariDataSource.getConnection:110 - HikariPool-1 - Starting...
03:46:59.557 [main] [INFO ] com.zaxxer.hikari.HikariDataSource.getConnection:123 - HikariPool-1 - Start completed.
03:46:59.638 [SpringApplicationShutdownHook] [INFO ] n.d.b.g.s.s.GrpcServerLifecycle.stopAndReleaseGrpcServer:160 - Completed gRPC server shutdown
03:46:59.661 [SpringApplicationShutdownHook] [INFO ] com.zaxxer.hikari.HikariDataSource.close:350 - HikariPool-1 - Shutdown initiated...
03:46:59.669 [SpringApplicationShutdownHook] [INFO ] com.zaxxer.hikari.HikariDataSource.close:352 - HikariPool-1 - Shutdown completed.
03:48:38.493 [main] [INFO ] c.e.app.wallet.processor.SimpleTest.logStarting:55 - Starting SimpleTest using Java 11.0.29 on Sunsunsun with PID 11824 (started by Sun in D:\TestProgram\Java\JavaEE\z-exchange\wallet-service)
03:48:38.494 [main] [INFO ] c.e.app.wallet.processor.SimpleTest.logStartupProfileInfo:631 - No active profile set, falling back to 1 default profile: "default"
03:48:39.049 [main] [INFO ] o.s.d.r.c.RepositoryConfigurationDelegate.multipleStoresDetected:262 - Multiple Spring Data modules found, entering strict repository configuration mode
03:48:39.051 [main] [INFO ] o.s.d.r.c.RepositoryConfigurationDelegate.registerRepositoriesIn:132 - Bootstrapping Spring Data Redis repositories in DEFAULT mode.
03:48:39.072 [main] [INFO ] o.s.d.r.c.RepositoryConfigurationDelegate.registerRepositoriesIn:201 - Finished Spring Data repository scanning in 13 ms. Found 0 Redis repository interfaces.
03:48:39.453 [main] [INFO ] n.d.b.g.c.a.GrpcClientAutoConfiguration.shadedNettyGrpcChannelFactory:152 - Detected grpc-netty-shaded: Creating ShadedNettyChannelFactory + InProcessChannelFactory
03:48:40.860 [main] [INFO ] n.d.b.g.s.a.GrpcServerFactoryAutoConfiguration.shadedNettyGrpcServerFactory:74 - Detected grpc-netty-shaded: Creating ShadedNettyGrpcServerFactory
03:48:41.674 [main] [INFO ] n.d.b.g.s.s.AbstractGrpcServerFactory.configureServices:108 - Registered gRPC service: wallet.WalletService, bean: walletServiceImpl, class: com.exchange.app.wallet.service.WalletServiceImpl
03:48:41.674 [main] [INFO ] n.d.b.g.s.s.AbstractGrpcServerFactory.configureServices:108 - Registered gRPC service: grpc.health.v1.Health, bean: grpcHealthService, class: io.grpc.protobuf.services.HealthServiceImpl
03:48:41.675 [main] [INFO ] n.d.b.g.s.s.AbstractGrpcServerFactory.configureServices:108 - Registered gRPC service: grpc.reflection.v1alpha.ServerReflection, bean: protoReflectionService, class: io.grpc.protobuf.services.ProtoReflectionService
03:48:42.054 [main] [INFO ] n.d.b.g.s.s.GrpcServerLifecycle.createAndStartGrpcServer:116 - gRPC Server started, listening on address: *, port: 9090
03:48:42.063 [main] [INFO ] c.e.app.wallet.processor.SimpleTest.logStarted:61 - Started SimpleTest in 3.954 seconds (JVM running for 4.826)
03:48:42.280 [main] [INFO ] com.zaxxer.hikari.HikariDataSource.getConnection:110 - HikariPool-1 - Starting...
03:48:42.380 [main] [INFO ] com.zaxxer.hikari.HikariDataSource.getConnection:123 - HikariPool-1 - Start completed.
03:48:42.603 [SpringApplicationShutdownHook] [INFO ] n.d.b.g.s.s.GrpcServerLifecycle.stopAndReleaseGrpcServer:160 - Completed gRPC server shutdown
03:48:42.620 [SpringApplicationShutdownHook] [INFO ] com.zaxxer.hikari.HikariDataSource.close:350 - HikariPool-1 - Shutdown initiated...
03:48:42.629 [SpringApplicationShutdownHook] [INFO ] com.zaxxer.hikari.HikariDataSource.close:352 - HikariPool-1 - Shutdown completed.
03:53:14.281 [main] [INFO ] c.e.app.wallet.processor.SimpleTest.logStarting:55 - Starting SimpleTest using Java 11.0.29 on Sunsunsun with PID 25584 (started by Sun in D:\TestProgram\Java\JavaEE\z-exchange\wallet-service)
03:53:14.282 [main] [INFO ] c.e.app.wallet.processor.SimpleTest.logStartupProfileInfo:631 - No active profile set, falling back to 1 default profile: "default"
03:53:14.847 [main] [INFO ] o.s.d.r.c.RepositoryConfigurationDelegate.multipleStoresDetected:262 - Multiple Spring Data modules found, entering strict repository configuration mode
03:53:14.848 [main] [INFO ] o.s.d.r.c.RepositoryConfigurationDelegate.registerRepositoriesIn:132 - Bootstrapping Spring Data Redis repositories in DEFAULT mode.
03:53:14.866 [main] [INFO ] o.s.d.r.c.RepositoryConfigurationDelegate.registerRepositoriesIn:201 - Finished Spring Data repository scanning in 9 ms. Found 0 Redis repository interfaces.
03:53:15.251 [main] [INFO ] n.d.b.g.c.a.GrpcClientAutoConfiguration.shadedNettyGrpcChannelFactory:152 - Detected grpc-netty-shaded: Creating ShadedNettyChannelFactory + InProcessChannelFactory
03:53:16.778 [main] [INFO ] n.d.b.g.s.a.GrpcServerFactoryAutoConfiguration.shadedNettyGrpcServerFactory:74 - Detected grpc-netty-shaded: Creating ShadedNettyGrpcServerFactory
03:53:17.700 [main] [INFO ] n.d.b.g.s.s.AbstractGrpcServerFactory.configureServices:108 - Registered gRPC service: wallet.WalletService, bean: walletServiceImpl, class: com.exchange.app.wallet.service.WalletServiceImpl
03:53:17.701 [main] [INFO ] n.d.b.g.s.s.AbstractGrpcServerFactory.configureServices:108 - Registered gRPC service: grpc.health.v1.Health, bean: grpcHealthService, class: io.grpc.protobuf.services.HealthServiceImpl
03:53:17.701 [main] [INFO ] n.d.b.g.s.s.AbstractGrpcServerFactory.configureServices:108 - Registered gRPC service: grpc.reflection.v1alpha.ServerReflection, bean: protoReflectionService, class: io.grpc.protobuf.services.ProtoReflectionService
03:53:18.083 [main] [INFO ] n.d.b.g.s.s.GrpcServerLifecycle.createAndStartGrpcServer:116 - gRPC Server started, listening on address: *, port: 9090
03:53:18.091 [main] [INFO ] c.e.app.wallet.processor.SimpleTest.logStarted:61 - Started SimpleTest in 4.228 seconds (JVM running for 5.003)
03:53:18.323 [main] [INFO ] com.zaxxer.hikari.HikariDataSource.getConnection:110 - HikariPool-1 - Starting...
03:53:18.416 [main] [INFO ] com.zaxxer.hikari.HikariDataSource.getConnection:123 - HikariPool-1 - Start completed.
03:53:18.630 [SpringApplicationShutdownHook] [INFO ] n.d.b.g.s.s.GrpcServerLifecycle.stopAndReleaseGrpcServer:160 - Completed gRPC server shutdown
03:53:18.648 [SpringApplicationShutdownHook] [INFO ] com.zaxxer.hikari.HikariDataSource.close:350 - HikariPool-1 - Shutdown initiated...
03:53:18.656 [SpringApplicationShutdownHook] [INFO ] com.zaxxer.hikari.HikariDataSource.close:352 - HikariPool-1 - Shutdown completed.
