02:24:52.665 [main] [INFO ] com.exchange.app.ledger.LedgerServer.logStarting:55 - Starting LedgerServer using Java 11.0.29 on Sunsunsun with PID 26556 (D:\TestProgram\Java\JavaEE\z-exchange\ledger-service\target\classes started by Sun in D:\TestProgram\Java\JavaEE\z-exchange)
02:24:52.667 [main] [INFO ] com.exchange.app.ledger.LedgerServer.logStartupProfileInfo:631 - No active profile set, falling back to 1 default profile: "default"
02:24:53.038 [main] [INFO ] o.s.d.r.c.RepositoryConfigurationDelegate.multipleStoresDetected:262 - Multiple Spring Data modules found, entering strict repository configuration mode
02:24:53.040 [main] [INFO ] o.s.d.r.c.RepositoryConfigurationDelegate.registerRepositoriesIn:132 - Bootstrapping Spring Data Redis repositories in DEFAULT mode.
02:24:53.055 [main] [INFO ] o.s.d.r.c.RepositoryConfigurationDelegate.registerRepositoriesIn:201 - Finished Spring Data repository scanning in 6 ms. Found 0 Redis repository interfaces.
02:24:53.266 [main] [INFO ] o.s.b.w.e.tomcat.TomcatWebServer.initialize:108 - Tomcat initialized with port(s): 8081 (http)
02:24:53.267 [main] [INFO ] o.a.c.core.AprLifecycleListener.log:173 - Loaded Apache Tomcat Native library [2.0.9] using APR version [1.7.6].
02:24:53.267 [main] [INFO ] o.a.c.core.AprLifecycleListener.log:173 - APR capabilities: IPv6 [true], sendfile [true], accept filters [false], random [true], UDS [true].
02:24:53.267 [main] [INFO ] o.a.c.core.AprLifecycleListener.log:173 - APR/OpenSSL configuration: useAprConnector [false], useOpenSSL [true]
02:24:53.270 [main] [INFO ] o.a.c.core.AprLifecycleListener.log:173 - OpenSSL successfully initialized [OpenSSL 3.5.0 8 Apr 2025]
02:24:53.274 [main] [INFO ] o.a.coyote.http11.Http11NioProtocol.log:173 - Initializing ProtocolHandler ["http-nio-8081"]
02:24:53.275 [main] [INFO ] o.a.catalina.core.StandardService.log:173 - Starting service [Tomcat]
02:24:53.275 [main] [INFO ] o.a.catalina.core.StandardEngine.log:173 - Starting Servlet engine: [Apache Tomcat/9.0.79]
02:24:53.384 [main] [INFO ] o.a.c.c.C.[Tomcat].[localhost].[/].log:173 - Initializing Spring embedded WebApplicationContext
02:24:53.384 [main] [INFO ] o.s.b.w.s.c.ServletWebServerApplicationContext.prepareWebApplicationContext:292 - Root WebApplicationContext: initialization completed in 689 ms
02:24:53.837 [main] [INFO ] n.d.b.g.s.a.GrpcServerFactoryAutoConfiguration.shadedNettyGrpcServerFactory:74 - Detected grpc-netty-shaded: Creating ShadedNettyGrpcServerFactory
02:24:54.008 [main] [INFO ] o.a.coyote.http11.Http11NioProtocol.log:173 - Starting ProtocolHandler ["http-nio-8081"]
02:24:54.017 [main] [INFO ] o.s.b.w.e.tomcat.TomcatWebServer.start:220 - Tomcat started on port(s): 8081 (http) with context path ''
02:24:54.036 [main] [INFO ] n.d.b.g.s.s.AbstractGrpcServerFactory.configureServices:108 - Registered gRPC service: ledger.AccountService, bean: accountServiceImpl, class: com.exchange.app.ledger.service.AccountServiceImpl
02:24:54.036 [main] [INFO ] n.d.b.g.s.s.AbstractGrpcServerFactory.configureServices:108 - Registered gRPC service: ledger.PostService, bean: postServiceImpl, class: com.exchange.app.ledger.service.PostServiceImpl
02:24:54.036 [main] [INFO ] n.d.b.g.s.s.AbstractGrpcServerFactory.configureServices:108 - Registered gRPC service: grpc.health.v1.Health, bean: grpcHealthService, class: io.grpc.protobuf.services.HealthServiceImpl
02:24:54.036 [main] [INFO ] n.d.b.g.s.s.AbstractGrpcServerFactory.configureServices:108 - Registered gRPC service: grpc.reflection.v1alpha.ServerReflection, bean: protoReflectionService, class: io.grpc.protobuf.services.ProtoReflectionService
02:24:54.355 [main] [INFO ] n.d.b.g.s.s.GrpcServerLifecycle.createAndStartGrpcServer:116 - gRPC Server started, listening on address: *, port: 9091
02:24:54.361 [main] [INFO ] com.exchange.app.ledger.LedgerServer.logStarted:61 - Started LedgerServer in 1.919 seconds (JVM running for 2.407)
02:25:01.343 [main] [INFO ] com.exchange.app.wallet.WalletServer.logStarting:55 - Starting WalletServer using Java 11.0.29 on Sunsunsun with PID 25520 (D:\TestProgram\Java\JavaEE\z-exchange\wallet-service\target\classes started by Sun in D:\TestProgram\Java\JavaEE\z-exchange)
02:25:01.345 [main] [INFO ] com.exchange.app.wallet.WalletServer.logStartupProfileInfo:631 - No active profile set, falling back to 1 default profile: "default"
02:25:01.723 [main] [INFO ] o.s.d.r.c.RepositoryConfigurationDelegate.multipleStoresDetected:262 - Multiple Spring Data modules found, entering strict repository configuration mode
02:25:01.724 [main] [INFO ] o.s.d.r.c.RepositoryConfigurationDelegate.registerRepositoriesIn:132 - Bootstrapping Spring Data Redis repositories in DEFAULT mode.
02:25:01.741 [main] [INFO ] o.s.d.r.c.RepositoryConfigurationDelegate.registerRepositoriesIn:201 - Finished Spring Data repository scanning in 9 ms. Found 0 Redis repository interfaces.
02:25:01.970 [main] [INFO ] o.s.b.w.e.tomcat.TomcatWebServer.initialize:108 - Tomcat initialized with port(s): 8082 (http)
02:25:01.971 [main] [INFO ] o.a.c.core.AprLifecycleListener.log:173 - Loaded Apache Tomcat Native library [2.0.9] using APR version [1.7.6].
02:25:01.971 [main] [INFO ] o.a.c.core.AprLifecycleListener.log:173 - APR capabilities: IPv6 [true], sendfile [true], accept filters [false], random [true], UDS [true].
02:25:01.971 [main] [INFO ] o.a.c.core.AprLifecycleListener.log:173 - APR/OpenSSL configuration: useAprConnector [false], useOpenSSL [true]
02:25:01.973 [main] [INFO ] o.a.c.core.AprLifecycleListener.log:173 - OpenSSL successfully initialized [OpenSSL 3.5.0 8 Apr 2025]
02:25:01.976 [main] [INFO ] o.a.coyote.http11.Http11NioProtocol.log:173 - Initializing ProtocolHandler ["http-nio-8082"]
02:25:01.977 [main] [INFO ] o.a.catalina.core.StandardService.log:173 - Starting service [Tomcat]
02:25:01.977 [main] [INFO ] o.a.catalina.core.StandardEngine.log:173 - Starting Servlet engine: [Apache Tomcat/9.0.79]
02:25:02.039 [main] [INFO ] o.a.c.c.C.[Tomcat].[localhost].[/].log:173 - Initializing Spring embedded WebApplicationContext
02:25:02.039 [main] [INFO ] o.s.b.w.s.c.ServletWebServerApplicationContext.prepareWebApplicationContext:292 - Root WebApplicationContext: initialization completed in 662 ms
02:25:02.101 [main] [INFO ] n.d.b.g.c.a.GrpcClientAutoConfiguration.shadedNettyGrpcChannelFactory:152 - Detected grpc-netty-shaded: Creating ShadedNettyChannelFactory + InProcessChannelFactory
02:25:02.656 [main] [INFO ] n.d.b.g.s.a.GrpcServerFactoryAutoConfiguration.shadedNettyGrpcServerFactory:74 - Detected grpc-netty-shaded: Creating ShadedNettyGrpcServerFactory
02:25:02.838 [main] [INFO ] o.a.coyote.http11.Http11NioProtocol.log:173 - Starting ProtocolHandler ["http-nio-8082"]
02:25:02.844 [main] [INFO ] o.s.b.w.e.tomcat.TomcatWebServer.start:220 - Tomcat started on port(s): 8082 (http) with context path ''
02:25:02.846 [main] [INFO ] n.d.b.g.s.s.AbstractGrpcServerFactory.configureServices:108 - Registered gRPC service: wallet.WalletService, bean: walletServiceImpl, class: com.exchange.app.wallet.service.WalletServiceImpl
02:25:02.847 [main] [INFO ] n.d.b.g.s.s.AbstractGrpcServerFactory.configureServices:108 - Registered gRPC service: grpc.health.v1.Health, bean: grpcHealthService, class: io.grpc.protobuf.services.HealthServiceImpl
02:25:02.847 [main] [INFO ] n.d.b.g.s.s.AbstractGrpcServerFactory.configureServices:108 - Registered gRPC service: grpc.reflection.v1alpha.ServerReflection, bean: protoReflectionService, class: io.grpc.protobuf.services.ProtoReflectionService
02:25:03.149 [main] [INFO ] n.d.b.g.s.s.GrpcServerLifecycle.createAndStartGrpcServer:116 - gRPC Server started, listening on address: *, port: 9092
02:25:03.156 [main] [INFO ] com.exchange.app.wallet.WalletServer.logStarted:61 - Started WalletServer in 2.022 seconds (JVM running for 2.514)
02:25:10.790 [SpringApplicationShutdownHook] [INFO ] n.d.b.g.s.s.GrpcServerLifecycle.stopAndReleaseGrpcServer:160 - Completed gRPC server shutdown
